../Core/Src/aes256ctr.c:29:24:br_dec32le	8	static
../Core/Src/aes256ctr.c:37:13:br_range_dec32le	24	static
../Core/Src/aes256ctr.c:45:24:br_swap32	8	static
../Core/Src/aes256ctr.c:52:20:br_enc32le	8	static
../Core/Src/aes256ctr.c:60:13:br_range_enc32le	24	static
../Core/Src/aes256ctr.c:68:13:br_aes_ct64_bitslice_Sbox	1944	static
../Core/Src/aes256ctr.c:243:13:br_aes_ct64_ortho	808	static
../Core/Src/aes256ctr.c:273:13:br_aes_ct64_interleave_in	256	static
../Core/Src/aes256ctr.c:301:13:br_aes_ct64_interleave_out	144	static
../Core/Src/aes256ctr.c:327:17:sub_word	88	static
../Core/Src/aes256ctr.c:339:13:br_aes_ct64_keysched	464	static
../Core/Src/aes256ctr.c:390:13:br_aes_ct64_skey_expand	128	static
../Core/Src/aes256ctr.c:413:20:add_round_key	72	static
../Core/Src/aes256ctr.c:425:20:shift_rows	144	static
../Core/Src/aes256ctr.c:443:24:rotr32	8	static
../Core/Src/aes256ctr.c:448:20:mix_columns	512	static
../Core/Src/aes256ctr.c:480:13:inc4_be	16	static
../Core/Src/aes256ctr.c:486:13:aes_ctr4x	168	static
../Core/Src/aes256ctr.c:522:13:br_aes_ct64_ctr_init	256	static
../Core/Src/aes256ctr.c:530:13:br_aes_ct64_ctr_run	160	static
../Core/Src/aes256ctr.c:557:6:pqcrystals_kyber_aes256ctr_ref_prf	992	static
../Core/Src/aes256ctr.c:565:6:pqcrystals_kyber_aes256ctr_ref_init	24	static
../Core/Src/aes256ctr.c:579:6:pqcrystals_kyber_aes256ctr_ref_squeezeblocks	24	static
