../Core/Src/fips202.c:22:17:load64	40	static
../Core/Src/fips202.c:40:13:store64	40	static
../Core/Src/fips202.c:82:13:KeccakF1600_StatePermute	2976	static
../Core/Src/fips202.c:353:13:keccak_init	16	static
../Core/Src/fips202.c:373:21:keccak_absorb	80	static
../Core/Src/fips202.c:405:13:keccak_finalize	48	static
../Core/Src/fips202.c:426:21:keccak_squeeze	40	static
../Core/Src/fips202.c:461:13:keccak_absorb_once	104	static
../Core/Src/fips202.c:500:13:keccak_squeezeblocks	32	static
../Core/Src/fips202.c:523:6:pqcrystals_kyber_fips202_ref_shake128_init	16	static
../Core/Src/fips202.c:538:6:pqcrystals_kyber_fips202_ref_shake128_absorb	32	static
../Core/Src/fips202.c:550:6:pqcrystals_kyber_fips202_ref_shake128_finalize	16	static
../Core/Src/fips202.c:566:6:pqcrystals_kyber_fips202_ref_shake128_squeeze	32	static
../Core/Src/fips202.c:580:6:pqcrystals_kyber_fips202_ref_shake128_absorb_once	32	static
../Core/Src/fips202.c:598:6:pqcrystals_kyber_fips202_ref_shake128_squeezeblocks	24	static
../Core/Src/fips202.c:610:6:pqcrystals_kyber_fips202_ref_shake256_init	16	static
../Core/Src/fips202.c:625:6:pqcrystals_kyber_fips202_ref_shake256_absorb	32	static
../Core/Src/fips202.c:637:6:pqcrystals_kyber_fips202_ref_shake256_finalize	16	static
../Core/Src/fips202.c:653:6:pqcrystals_kyber_fips202_ref_shake256_squeeze	32	static
../Core/Src/fips202.c:667:6:pqcrystals_kyber_fips202_ref_shake256_absorb_once	32	static
../Core/Src/fips202.c:685:6:pqcrystals_kyber_fips202_ref_shake256_squeezeblocks	24	static
../Core/Src/fips202.c:700:6:pqcrystals_kyber_fips202_ref_shake128	240	static
../Core/Src/fips202.c:723:6:pqcrystals_kyber_fips202_ref_shake256	240	static
../Core/Src/fips202.c:745:6:pqcrystals_kyber_fips202_ref_sha3_256	240	static
../Core/Src/fips202.c:765:6:pqcrystals_kyber_fips202_ref_sha3_512	240	static
