../Core/Src/XMF_OLED_STM32Cube.c:40:6:OLED_WR_Byte	24	static
../Core/Src/XMF_OLED_STM32Cube.c:62:7:OLED_Set_Pos	16	static
../Core/Src/XMF_OLED_STM32Cube.c:69:6:OLED_Display_On	8	static
../Core/Src/XMF_OLED_STM32Cube.c:76:6:OLED_Display_Off	8	static
../Core/Src/XMF_OLED_STM32Cube.c:83:6:OLED_Clear	16	static
../Core/Src/XMF_OLED_STM32Cube.c:101:6:OLED_ShowChar	24	static
../Core/Src/XMF_OLED_STM32Cube.c:123:15:oled_pow	16	static
../Core/Src/XMF_OLED_STM32Cube.c:135:6:OLED_ShowNum	24	static
../Core/Src/XMF_OLED_STM32Cube.c:161:6:OLED_ShowString	24	static
../Core/Src/XMF_OLED_STM32Cube.c:172:6:OLED_ShowCHinese	24	static
../Core/Src/XMF_OLED_STM32Cube.c:189:6:OLED_DrawBMP	24	static
../Core/Src/XMF_OLED_STM32Cube.c:208:6:OLED_Init	32	static
