../Drivers/STM32F1xx_HAL_Driver/Src/stm32f1xx_hal_gpio.c:178:6:HAL_GPIO_Init	40	static
../Drivers/STM32F1xx_HAL_Driver/Src/stm32f1xx_hal_gpio.c:351:6:HAL_GPIO_DeInit	32	static
../Drivers/STM32F1xx_HAL_Driver/Src/stm32f1xx_hal_gpio.c:431:15:HAL_GPIO_ReadPin	16	static
../Drivers/STM32F1xx_HAL_Driver/Src/stm32f1xx_hal_gpio.c:465:6:HAL_GPIO_WritePin	8	static
../Drivers/STM32F1xx_HAL_Driver/Src/stm32f1xx_hal_gpio.c:487:6:HAL_GPIO_TogglePin	16	static
../Drivers/STM32F1xx_HAL_Driver/Src/stm32f1xx_hal_gpio.c:511:19:HAL_GPIO_LockPin	16	static
../Drivers/STM32F1xx_HAL_Driver/Src/stm32f1xx_hal_gpio.c:546:6:HAL_GPIO_EXTI_IRQHandler	16	static
../Drivers/STM32F1xx_HAL_Driver/Src/stm32f1xx_hal_gpio.c:561:13:HAL_GPIO_EXTI_Callback	8	static
