../Core/Src/library/bignum.c:55:6:mpi_init	8	static
../Core/Src/library/bignum.c:68:6:mpi_free	16	static
../Core/Src/library/bignum.c:87:5:mpi_grow	24	static
../Core/Src/library/bignum.c:118:5:mpi_copy	24	static
../Core/Src/library/bignum.c:146:6:mpi_swap	32	static
../Core/Src/library/bignum.c:158:5:mpi_lset	24	static
../Core/Src/library/bignum.c:176:5:mpi_get_bit	8	static
../Core/Src/library/bignum.c:187:5:mpi_set_bit	40	static
../Core/Src/library/bignum.c:214:8:mpi_lsb	24	static
../Core/Src/library/bignum.c:229:8:mpi_msb	16	static
../Core/Src/library/bignum.c:247:8:mpi_size	16	static
../Core/Src/library/bignum.c:255:12:mpi_get_digit	16	static
../Core/Src/library/bignum.c:272:5:mpi_read_string	64	static
../Core/Src/library/bignum.c:341:12:mpi_write_hlp	32	static
../Core/Src/library/bignum.c:368:5:mpi_write_string	64	static
../Core/Src/library/bignum.c:439:5:mpi_read_file	1288	static
../Core/Src/library/bignum.c:472:5:mpi_write_file	1296	static
../Core/Src/library/bignum.c:513:5:mpi_read_binary	40	static
../Core/Src/library/bignum.c:536:5:mpi_write_binary	40	static
../Core/Src/library/bignum.c:556:5:mpi_shift_l	40	static
../Core/Src/library/bignum.c:606:5:mpi_shift_r	40	static
../Core/Src/library/bignum.c:649:5:mpi_cmp_abs	16	static
../Core/Src/library/bignum.c:679:5:mpi_cmp_mpi	16	static
../Core/Src/library/bignum.c:712:5:mpi_cmp_int	32	static
../Core/Src/library/bignum.c:728:5:mpi_add_abs	56	static
../Core/Src/library/bignum.c:780:13:mpi_sub_hlp	32	static
../Core/Src/library/bignum.c:801:5:mpi_sub_abs	48	static
../Core/Src/library/bignum.c:844:5:mpi_add_mpi	32	static
../Core/Src/library/bignum.c:875:5:mpi_sub_mpi	32	static
../Core/Src/library/bignum.c:906:5:mpi_add_int	40	static
../Core/Src/library/bignum.c:922:5:mpi_sub_int	40	static
../Core/Src/library/bignum.c:946:6:mpi_mul_hlp	40	static,ignoring_inline_asm
../Core/Src/library/bignum.c:1010:5:mpi_mul_mpi	64	static
../Core/Src/library/bignum.c:1047:5:mpi_mul_int	40	static
../Core/Src/library/bignum.c:1063:5:mpi_div_mpi	152	static
../Core/Src/library/bignum.c:1227:5:mpi_div_int	40	static
../Core/Src/library/bignum.c:1243:5:mpi_mod_mpi	32	static
../Core/Src/library/bignum.c:1266:5:mpi_mod_int	32	static
../Core/Src/library/bignum.c:1323:13:mpi_montg_init	16	static
../Core/Src/library/bignum.c:1341:13:mpi_montmul	48	static
../Core/Src/library/bignum.c:1378:13:mpi_montred	48	static
../Core/Src/library/bignum.c:1392:5:mpi_exp_mod	1656	static
../Core/Src/library/bignum.c:1598:5:mpi_gcd	72	static
../Core/Src/library/bignum.c:1647:5:mpi_fill_random	32	static
../Core/Src/library/bignum.c:1665:5:mpi_inv_mod	136	static
../Core/Src/library/bignum.c:1787:5:mpi_is_prime	120	static
../Core/Src/library/bignum.c:1905:5:mpi_gen_prime	48	static
../Core/Src/library/bignum.c:1986:5:mpi_self_test	120	static
