../Core/Src/library/cipher_wrap.c:56:5:aes_crypt_cbc_wrap	32	static
../Core/Src/library/cipher_wrap.c:62:5:aes_crypt_cfb128_wrap	40	static
../Core/Src/library/cipher_wrap.c:80:5:aes_crypt_ctr_wrap	40	static
../Core/Src/library/cipher_wrap.c:100:5:aes_setkey_dec_wrap	24	static
../Core/Src/library/cipher_wrap.c:105:5:aes_setkey_enc_wrap	24	static
../Core/Src/library/cipher_wrap.c:110:15:aes_ctx_alloc	8	static
../Core/Src/library/cipher_wrap.c:115:13:aes_ctx_free	16	static
../Core/Src/library/cipher_wrap.c:229:5:camellia_crypt_cbc_wrap	32	static
../Core/Src/library/cipher_wrap.c:235:5:camellia_crypt_cfb128_wrap	40	static
../Core/Src/library/cipher_wrap.c:253:5:camellia_crypt_ctr_wrap	40	static
../Core/Src/library/cipher_wrap.c:273:5:camellia_setkey_dec_wrap	24	static
../Core/Src/library/cipher_wrap.c:278:5:camellia_setkey_enc_wrap	24	static
../Core/Src/library/cipher_wrap.c:283:15:camellia_ctx_alloc	8	static
../Core/Src/library/cipher_wrap.c:288:13:camellia_ctx_free	16	static
../Core/Src/library/cipher_wrap.c:402:5:des_crypt_cbc_wrap	32	static
../Core/Src/library/cipher_wrap.c:408:5:des3_crypt_cbc_wrap	32	static
../Core/Src/library/cipher_wrap.c:414:5:des_crypt_cfb128_wrap	16	static
../Core/Src/library/cipher_wrap.c:428:5:des_crypt_ctr_wrap	16	static
../Core/Src/library/cipher_wrap.c:444:5:des_setkey_dec_wrap	24	static
../Core/Src/library/cipher_wrap.c:451:5:des_setkey_enc_wrap	24	static
../Core/Src/library/cipher_wrap.c:458:5:des3_set2key_dec_wrap	24	static
../Core/Src/library/cipher_wrap.c:465:5:des3_set2key_enc_wrap	24	static
../Core/Src/library/cipher_wrap.c:472:5:des3_set3key_dec_wrap	24	static
../Core/Src/library/cipher_wrap.c:479:5:des3_set3key_enc_wrap	24	static
../Core/Src/library/cipher_wrap.c:486:15:des_ctx_alloc	8	static
../Core/Src/library/cipher_wrap.c:491:15:des3_ctx_alloc	8	static
../Core/Src/library/cipher_wrap.c:496:13:des_ctx_free	16	static
../Core/Src/library/cipher_wrap.c:567:5:blowfish_crypt_cbc_wrap	32	static
../Core/Src/library/cipher_wrap.c:573:5:blowfish_crypt_cfb64_wrap	40	static
../Core/Src/library/cipher_wrap.c:591:5:blowfish_crypt_ctr_wrap	40	static
../Core/Src/library/cipher_wrap.c:611:5:blowfish_setkey_dec_wrap	24	static
../Core/Src/library/cipher_wrap.c:616:5:blowfish_setkey_enc_wrap	24	static
../Core/Src/library/cipher_wrap.c:621:15:blowfish_ctx_alloc	8	static
../Core/Src/library/cipher_wrap.c:626:13:blowfish_ctx_free	16	static
