../Core/Inc/polarssl/cipher.h:271:28:cipher_get_block_size	8	static
../Core/Inc/polarssl/cipher.h:304:19:cipher_get_iv_size	8	static
../Core/Src/library/cipher.c:109:12:cipher_list	0	static
../Core/Src/library/cipher.c:114:22:cipher_info_from_type	8	static
../Core/Src/library/cipher.c:210:22:cipher_info_from_string	16	static
../Core/Src/library/cipher.c:302:5:cipher_init_ctx	16	static
../Core/Src/library/cipher.c:317:5:cipher_free_ctx	16	static
../Core/Src/library/cipher.c:327:5:cipher_setkey	24	static
../Core/Src/library/cipher.c:359:5:cipher_reset	16	static
../Core/Src/library/cipher.c:371:5:cipher_update	56	static
../Core/Src/library/cipher.c:499:13:add_pkcs_padding	24	static
../Core/Src/library/cipher.c:509:12:get_pkcs_padding	24	static
../Core/Src/library/cipher.c:531:5:cipher_finish	48	static
../Core/Src/library/cipher.c:592:5:cipher_self_test	8	static
