../Core/Src/library/ctr_drbg.c:45:5:ctr_drbg_init_entropy_len	64	static
../Core/Src/library/ctr_drbg.c:76:5:ctr_drbg_init	32	static
../Core/Src/library/ctr_drbg.c:86:6:ctr_drbg_set_prediction_resistance	8	static
../Core/Src/library/ctr_drbg.c:91:6:ctr_drbg_set_entropy_len	8	static
../Core/Src/library/ctr_drbg.c:96:6:ctr_drbg_set_reseed_interval	8	static
../Core/Src/library/ctr_drbg.c:101:5:block_cipher_df	848	static
../Core/Src/library/ctr_drbg.c:183:5:ctr_drbg_update_internal	80	static
../Core/Src/library/ctr_drbg.c:221:6:ctr_drbg_update	72	static
../Core/Src/library/ctr_drbg.c:233:5:ctr_drbg_reseed	416	static
../Core/Src/library/ctr_drbg.c:278:5:ctr_drbg_random_with_add	112	static
../Core/Src/library/ctr_drbg.c:343:5:ctr_drbg_random	32	static
../Core/Src/library/ctr_drbg.c:350:5:ctr_drbg_write_seed_file	280	static
../Core/Src/library/ctr_drbg.c:372:5:ctr_drbg_update_seed_file	280	static
../Core/Src/library/ctr_drbg.c:447:5:ctr_drbg_self_test_entropy	32	static
../Core/Src/library/ctr_drbg.c:458:5:ctr_drbg_self_test	360	static
