../Core/Src/library/dhm.c:40:12:dhm_read_bignum	32	static
../Core/Src/library/dhm.c:72:12:dhm_check_range	48	static
../Core/Src/library/dhm.c:95:5:dhm_read_params	32	static
../Core/Src/library/dhm.c:122:5:dhm_make_params	56	static
../Core/Src/library/dhm.c:190:5:dhm_read_public	32	static
../Core/Src/library/dhm.c:207:5:dhm_make_public	40	static
../Core/Src/library/dhm.c:254:5:dhm_calc_secret	40	static
../Core/Src/library/dhm.c:283:6:dhm_free	16	static
../Core/Src/library/dhm.c:295:5:dhm_self_test	8	static
