../Core/Src/library/md.c:74:12:md_list	0	static
../Core/Src/library/md.c:79:18:md_info_from_string	16	static
../Core/Src/library/md.c:116:18:md_info_from_type	8	static
../Core/Src/library/md.c:153:5:md_init_ctx	16	static
../Core/Src/library/md.c:170:5:md_free_ctx	16	static
../Core/Src/library/md.c:181:5:md_starts	16	static
../Core/Src/library/md.c:191:5:md_update	24	static
../Core/Src/library/md.c:201:5:md_finish	16	static
../Core/Src/library/md.c:211:5:md	24	static
../Core/Src/library/md.c:222:5:md_file	32	static
../Core/Src/library/md.c:245:5:md_hmac_starts	24	static
../Core/Src/library/md.c:255:5:md_hmac_update	24	static
../Core/Src/library/md.c:265:5:md_hmac_finish	16	static
../Core/Src/library/md.c:275:5:md_hmac_reset	16	static
../Core/Src/library/md.c:285:5:md_hmac	32	static
