../Core/Src/library/md5.c:104:6:md5_starts	8	static
../Core/Src/library/md5.c:115:6:md5_process	88	static
../Core/Src/library/md5.c:241:6:md5_update	32	static
../Core/Src/library/md5.c:291:6:md5_finish	40	static
../Core/Src/library/md5.c:321:6:md5	240	static
../Core/Src/library/md5.c:351:5:md5_file	1264	static
../Core/Src/library/md5.c:384:6:md5_hmac_starts	48	static
../Core/Src/library/md5.c:414:6:md5_hmac_update	24	static
../Core/Src/library/md5.c:422:6:md5_hmac_finish	32	static
../Core/Src/library/md5.c:438:6:md5_hmac_reset	16	static
../Core/Src/library/md5.c:447:6:md5_hmac	240	static
../Core/Src/library/md5.c:582:5:md5_self_test	1280	static
