../Core/Src/library/md_wrap.c:220:13:md5_starts_wrap	16	static
../Core/Src/library/md_wrap.c:225:13:md5_update_wrap	24	static
../Core/Src/library/md_wrap.c:230:13:md5_finish_wrap	16	static
../Core/Src/library/md_wrap.c:235:5:md5_file_wrap	16	static
../Core/Src/library/md_wrap.c:246:13:md5_hmac_starts_wrap	24	static
../Core/Src/library/md_wrap.c:251:13:md5_hmac_update_wrap	24	static
../Core/Src/library/md_wrap.c:256:13:md5_hmac_finish_wrap	16	static
../Core/Src/library/md_wrap.c:261:13:md5_hmac_reset_wrap	16	static
../Core/Src/library/md_wrap.c:266:15:md5_ctx_alloc	8	static
../Core/Src/library/md_wrap.c:271:13:md5_ctx_free	16	static
../Core/Src/library/md_wrap.c:298:6:sha1_starts_wrap	16	static
../Core/Src/library/md_wrap.c:303:6:sha1_update_wrap	24	static
../Core/Src/library/md_wrap.c:308:6:sha1_finish_wrap	16	static
../Core/Src/library/md_wrap.c:313:5:sha1_file_wrap	16	static
../Core/Src/library/md_wrap.c:324:6:sha1_hmac_starts_wrap	24	static
../Core/Src/library/md_wrap.c:329:6:sha1_hmac_update_wrap	24	static
../Core/Src/library/md_wrap.c:334:6:sha1_hmac_finish_wrap	16	static
../Core/Src/library/md_wrap.c:339:6:sha1_hmac_reset_wrap	16	static
../Core/Src/library/md_wrap.c:344:8:sha1_ctx_alloc	8	static
../Core/Src/library/md_wrap.c:349:6:sha1_ctx_free	16	static
../Core/Src/library/md_wrap.c:379:6:sha224_starts_wrap	16	static
../Core/Src/library/md_wrap.c:384:6:sha224_update_wrap	24	static
../Core/Src/library/md_wrap.c:389:6:sha224_finish_wrap	16	static
../Core/Src/library/md_wrap.c:394:6:sha224_wrap	24	static
../Core/Src/library/md_wrap.c:400:5:sha224_file_wrap	16	static
../Core/Src/library/md_wrap.c:411:6:sha224_hmac_starts_wrap	24	static
../Core/Src/library/md_wrap.c:416:6:sha224_hmac_update_wrap	24	static
../Core/Src/library/md_wrap.c:421:6:sha224_hmac_finish_wrap	16	static
../Core/Src/library/md_wrap.c:426:6:sha224_hmac_reset_wrap	16	static
../Core/Src/library/md_wrap.c:431:6:sha224_hmac_wrap	32	static
../Core/Src/library/md_wrap.c:438:8:sha224_ctx_alloc	8	static
../Core/Src/library/md_wrap.c:443:6:sha224_ctx_free	16	static
../Core/Src/library/md_wrap.c:466:6:sha256_starts_wrap	16	static
../Core/Src/library/md_wrap.c:471:6:sha256_update_wrap	24	static
../Core/Src/library/md_wrap.c:476:6:sha256_finish_wrap	16	static
../Core/Src/library/md_wrap.c:481:6:sha256_wrap	24	static
../Core/Src/library/md_wrap.c:487:5:sha256_file_wrap	16	static
../Core/Src/library/md_wrap.c:498:6:sha256_hmac_starts_wrap	24	static
../Core/Src/library/md_wrap.c:503:6:sha256_hmac_update_wrap	24	static
../Core/Src/library/md_wrap.c:508:6:sha256_hmac_finish_wrap	16	static
../Core/Src/library/md_wrap.c:513:6:sha256_hmac_reset_wrap	16	static
../Core/Src/library/md_wrap.c:518:6:sha256_hmac_wrap	32	static
../Core/Src/library/md_wrap.c:525:8:sha256_ctx_alloc	8	static
../Core/Src/library/md_wrap.c:530:6:sha256_ctx_free	16	static
../Core/Src/library/md_wrap.c:557:6:sha384_starts_wrap	16	static
../Core/Src/library/md_wrap.c:562:6:sha384_update_wrap	24	static
../Core/Src/library/md_wrap.c:567:6:sha384_finish_wrap	16	static
../Core/Src/library/md_wrap.c:572:6:sha384_wrap	24	static
../Core/Src/library/md_wrap.c:578:5:sha384_file_wrap	16	static
../Core/Src/library/md_wrap.c:589:6:sha384_hmac_starts_wrap	24	static
../Core/Src/library/md_wrap.c:594:6:sha384_hmac_update_wrap	24	static
../Core/Src/library/md_wrap.c:599:6:sha384_hmac_finish_wrap	16	static
../Core/Src/library/md_wrap.c:604:6:sha384_hmac_reset_wrap	16	static
../Core/Src/library/md_wrap.c:609:6:sha384_hmac_wrap	32	static
../Core/Src/library/md_wrap.c:616:8:sha384_ctx_alloc	8	static
../Core/Src/library/md_wrap.c:621:6:sha384_ctx_free	16	static
../Core/Src/library/md_wrap.c:644:6:sha512_starts_wrap	16	static
../Core/Src/library/md_wrap.c:649:6:sha512_update_wrap	24	static
../Core/Src/library/md_wrap.c:654:6:sha512_finish_wrap	16	static
../Core/Src/library/md_wrap.c:659:6:sha512_wrap	24	static
../Core/Src/library/md_wrap.c:665:5:sha512_file_wrap	16	static
../Core/Src/library/md_wrap.c:676:6:sha512_hmac_starts_wrap	24	static
../Core/Src/library/md_wrap.c:681:6:sha512_hmac_update_wrap	24	static
../Core/Src/library/md_wrap.c:686:6:sha512_hmac_finish_wrap	16	static
../Core/Src/library/md_wrap.c:691:6:sha512_hmac_reset_wrap	16	static
../Core/Src/library/md_wrap.c:696:6:sha512_hmac_wrap	32	static
../Core/Src/library/md_wrap.c:703:8:sha512_ctx_alloc	8	static
../Core/Src/library/md_wrap.c:708:6:sha512_ctx_free	16	static
