../Core/Inc/polarssl/md.h:199:29:md_get_size	8	static
../Core/Src/library/rsa.c:48:6:rsa_init	24	static
../Core/Src/library/rsa.c:63:5:rsa_gen_key	88	static
../Core/Src/library/rsa.c:138:5:rsa_check_pubkey	16	static
../Core/Src/library/rsa.c:161:5:rsa_check_privkey	176	static
../Core/Src/library/rsa.c:223:5:rsa_public	56	static
../Core/Src/library/rsa.c:258:5:rsa_private	80	static
../Core/Src/library/rsa.c:325:13:mgf_mask	112	static
../Core/Src/library/rsa.c:368:5:rsa_rsaes_oaep_encrypt	64	static
../Core/Src/library/rsa.c:440:5:rsa_rsaes_pkcs1_v15_encrypt	48	static
../Core/Src/library/rsa.c:501:5:rsa_pkcs1_encrypt	48	static
../Core/Src/library/rsa.c:529:5:rsa_rsaes_oaep_decrypt	640	static
../Core/Src/library/rsa.c:620:5:rsa_rsaes_pkcs1_v15_decrypt	568	static
../Core/Src/library/rsa.c:713:5:rsa_pkcs1_decrypt	40	static
../Core/Src/library/rsa.c:740:5:rsa_rsassa_pss_sign	136	static
../Core/Src/library/rsa.c:861:5:rsa_rsassa_pkcs1_v15_sign	40	static
../Core/Src/library/rsa.c:980:5:rsa_pkcs1_sign	40	static
../Core/Src/library/rsa.c:1010:5:rsa_rsassa_pss_verify	656	static
../Core/Src/library/rsa.c:1141:5:rsa_rsassa_pkcs1_v15_verify	560	static
../Core/Src/library/rsa.c:1249:5:rsa_pkcs1_verify	32	static
../Core/Src/library/rsa.c:1276:6:rsa_free	16	static
../Core/Src/library/rsa.c:1342:12:myrand	32	static
../Core/Src/library/rsa.c:1358:5:rsa_self_test	392	static
