Archive member included to satisfy reference by file (symbol)

C:/Users/Administrator/Desktop/stm/t2/Core/lib/libSTM32Cryptographic_CM3.a(cmox_ecc.c.o)
                              ./Core/Src/main.o (cmox_ecc_cleanup)
C:/Users/Administrator/Desktop/stm/t2/Core/lib/libSTM32Cryptographic_CM3.a(cmox_ecc_curve_p256.c.o)
                              ./Core/Src/main.o (CMOX_ECC_SECP256R1_HIGHMEM)
C:/Users/Administrator/Desktop/stm/t2/Core/lib/libSTM32Cryptographic_CM3.a(cmox_ecc_point_funcs.c.o)
                              C:/Users/Administrator/Desktop/stm/t2/Core/lib/libSTM32Cryptographic_CM3.a(cmox_ecc_curve_p256.c.o) (Point_Funcs_SW_a3)
C:/Users/Administrator/Desktop/stm/t2/Core/lib/libSTM32Cryptographic_CM3.a(cmox_ecdh.c.o)
                              ./Core/Src/main.o (cmox_ecdh)
C:/Users/Administrator/Desktop/stm/t2/Core/lib/libSTM32Cryptographic_CM3.a(cmox_init.c.o)
                              C:/Users/Administrator/Desktop/stm/t2/Core/lib/libSTM32Cryptographic_CM3.a(cmox_ecc.c.o) (cmox_init_ctxi)
C:/Users/Administrator/Desktop/stm/t2/Core/lib/libSTM32Cryptographic_CM3.a(cmox_math.c.o)
                              C:/Users/Administrator/Desktop/stm/t2/Core/lib/libSTM32Cryptographic_CM3.a(cmox_ecc.c.o) (cmox_AddBN_Int)
C:/Users/Administrator/Desktop/stm/t2/Core/lib/libSTM32Cryptographic_CM3.a(cmox_math_c_llf.c.o)
                              ./Core/Src/main.o (CMOX_MATH_FUNCS_FAST)
C:/Users/Administrator/Desktop/stm/t2/Core/lib/libSTM32Cryptographic_CM3.a(cmox_math_c_mm_fios.c.o)
                              C:/Users/Administrator/Desktop/stm/t2/Core/lib/libSTM32Cryptographic_CM3.a(cmox_math_c_llf.c.o) (cmox_c_montymul)
C:/Users/Administrator/Desktop/stm/t2/Core/lib/libSTM32Cryptographic_CM3.a(cmox_math_c_montyred.c.o)
                              C:/Users/Administrator/Desktop/stm/t2/Core/lib/libSTM32Cryptographic_CM3.a(cmox_math_c_llf.c.o) (cmox_c_montyred)
C:/Users/Administrator/Desktop/stm/t2/Core/lib/libSTM32Cryptographic_CM3.a(cmox_math_c_mul_os.c.o)
                              C:/Users/Administrator/Desktop/stm/t2/Core/lib/libSTM32Cryptographic_CM3.a(cmox_math_c_llf.c.o) (cmox_c_mul)
C:/Users/Administrator/Desktop/stm/t2/Core/lib/libSTM32Cryptographic_CM3.a(cmox_mathutils.c.o)
                              C:/Users/Administrator/Desktop/stm/t2/Core/lib/libSTM32Cryptographic_CM3.a(cmox_ecc.c.o) (cmox_mathUtils_bitLength)
C:/Users/Administrator/Desktop/stm/t2/Core/lib/libSTM32Cryptographic_CM3.a(cmox_membuf.c.o)
                              C:/Users/Administrator/Desktop/stm/t2/Core/lib/libSTM32Cryptographic_CM3.a(cmox_ecc.c.o) (cmox_membuf_alloc)
C:/Users/Administrator/Desktop/stm/t2/Core/lib/libSTM32Cryptographic_CM3.a(cmox_modexp.c.o)
                              ./Core/Src/main.o (CMOX_MODEXP_PUBLIC)
C:/Users/Administrator/Desktop/stm/t2/Core/lib/libSTM32Cryptographic_CM3.a(cmox_rsa.c.o)
                              ./Core/Src/main.o (cmox_rsa_cleanup)
C:/Users/Administrator/Desktop/stm/t2/Core/lib/libSTM32Cryptographic_CM3.a(cmox_rsa_modexp.c.o)
                              C:/Users/Administrator/Desktop/stm/t2/Core/lib/libSTM32Cryptographic_CM3.a(cmox_rsa.c.o) (cmox_modexp_crt)
C:/Users/Administrator/Desktop/stm/t2/Core/lib/libSTM32Cryptographic_CM3.a(cmox_rsa_pkcs1v22.c.o)
                              ./Core/Src/main.o (CMOX_RSA_PKCS1V22_HASH_SHA1)
C:/Users/Administrator/Desktop/stm/t2/Core/lib/libSTM32Cryptographic_CM3.a(cmox_scalarmul.c.o)
                              C:/Users/Administrator/Desktop/stm/t2/Core/lib/libSTM32Cryptographic_CM3.a(cmox_ecc_curve_p256.c.o) (cmox_scalarmul_dblbase_wmof)
C:/Users/Administrator/Desktop/stm/t2/Core/lib/libSTM32Cryptographic_CM3.a(cmox_sha1.c.o)
                              C:/Users/Administrator/Desktop/stm/t2/Core/lib/libSTM32Cryptographic_CM3.a(cmox_rsa_pkcs1v22.c.o) (CMOX_SHA1_ALGO)
C:/Users/Administrator/Desktop/stm/t2/Core/lib/libSTM32Cryptographic_CM3.a(cmox_sha224.c.o)
                              C:/Users/Administrator/Desktop/stm/t2/Core/lib/libSTM32Cryptographic_CM3.a(cmox_rsa_pkcs1v22.c.o) (CMOX_SHA224_ALGO)
C:/Users/Administrator/Desktop/stm/t2/Core/lib/libSTM32Cryptographic_CM3.a(cmox_sha256.c.o)
                              C:/Users/Administrator/Desktop/stm/t2/Core/lib/libSTM32Cryptographic_CM3.a(cmox_rsa_pkcs1v22.c.o) (CMOX_SHA256_ALGO)
C:/Users/Administrator/Desktop/stm/t2/Core/lib/libSTM32Cryptographic_CM3.a(cmox_sha256_common.c.o)
                              C:/Users/Administrator/Desktop/stm/t2/Core/lib/libSTM32Cryptographic_CM3.a(cmox_sha224.c.o) (CMOX_MD_SHA256_VTABLE_ST)
C:/Users/Administrator/Desktop/stm/t2/Core/lib/libSTM32Cryptographic_CM3.a(cmox_sha384.c.o)
                              C:/Users/Administrator/Desktop/stm/t2/Core/lib/libSTM32Cryptographic_CM3.a(cmox_rsa_pkcs1v22.c.o) (CMOX_SHA384_ALGO)
C:/Users/Administrator/Desktop/stm/t2/Core/lib/libSTM32Cryptographic_CM3.a(cmox_sha512.c.o)
[...]
Memory Configuration

Name             Origin             Length             Attributes
RAM              0x0000000020000000 0x0000000000005000 xrw
FLASH            0x0000000008000000 0x0000000000010000 xr
*default*        0x0000000000000000 0xffffffffffffffff

Linker script and memory map

LOAD c:/st/stm32cubeide_1.10.1/stm32cubeide/plugins/com.st.stm32cube.ide.mcu.externaltools.gnu-tools-for-stm32.10.3-2021.10.win32_1.0.0.202111181127/tools/bin/../lib/gcc/arm-none-eabi/10.3.1/thumb/v7-m/nofp/crti.o
LOAD c:/st/stm32cubeide_1.10.1/stm32cubeide/plugins/com.st.stm32cube.ide.mcu.externaltools.gnu-tools-for-stm32.10.3-2021.10.win32_1.0.0.202111181127/tools/bin/../lib/gcc/arm-none-eabi/10.3.1/thumb/v7-m/nofp/crtbegin.o
LOAD c:/st/stm32cubeide_1.10.1/stm32cubeide/plugins/com.st.stm32cube.ide.mcu.externaltools.gnu-tools-for-stm32.10.3-2021.10.win32_1.0.0.202111181127/tools/bin/../lib/gcc/arm-none-eabi/10.3.1/../../../../arm-none-eabi/lib/thumb/v7-m/nofp/crt0.o
LOAD ./Core/Src/XMF_OLED_STM32Cube.o
LOAD ./Core/Src/aes256ctr.o
LOAD ./Core/Src/cbd.o
LOAD ./Core/Src/fips202.o
LOAD ./Core/Src/gpio.o
LOAD ./Core/Src/indcpa.o
LOAD ./Core/Src/kem.o
LOAD ./Core/Src/kex.o
LOAD ./Core/Src/main.o
LOAD ./Core/Src/ntt.o
LOAD ./Core/Src/poly.o
LOAD ./Core/Src/polyvec.o
LOAD ./Core/Src/randombytes.o
LOAD ./Core/Src/reduce.o
LOAD ./Core/Src/sha256.o
LOAD ./Core/Src/sha512.o
LOAD ./Core/Src/stm32f1xx_hal_msp.o
LOAD ./Core/Src/stm32f1xx_it.o
LOAD ./Core/Src/symmetric-aes.o
LOAD ./Core/Src/symmetric-shake.o
LOAD ./Core/Src/syscalls.o
LOAD ./Core/Src/sysmem.o
LOAD ./Core/Src/system_stm32f1xx.o
LOAD ./Core/Src/usart.o
LOAD ./Core/Src/verify.o
LOAD ./Core/Src/library/aes.o
LOAD ./Core/Src/library/arc4.o
LOAD ./Core/Src/library/asn1parse.o
LOAD ./Core/Src/library/asn1write.o
LOAD ./Core/Src/library/base64.o
LOAD ./Core/Src/library/bignum.o
LOAD ./Core/Src/library/blowfish.o
LOAD ./Core/Src/library/camellia.o
LOAD ./Core/Src/library/certs.o
LOAD ./Core/Src/library/cipher.o
LOAD ./Core/Src/library/cipher_wrap.o
LOAD ./Core/Src/library/ctr_drbg.o
LOAD ./Core/Src/library/des.o
LOAD ./Core/Src/library/dhm.o
LOAD ./Core/Src/library/entropy.o
LOAD ./Core/Src/library/entropy_poll.o
LOAD ./Core/Src/library/gcm.o
LOAD ./Core/Src/library/havege.o
LOAD ./Core/Src/library/md.o
LOAD ./Core/Src/library/md2.o
LOAD ./Core/Src/library/md4.o
LOAD ./Core/Src/library/md5.o
LOAD ./Core/Src/library/md_wrap.o
LOAD ./Core/Src/library/padlock.o
LOAD ./Core/Src/library/pbkdf2.o
LOAD ./Core/Src/library/pem.o
LOAD ./Core/Src/library/pkcs11.o
LOAD ./Core/Src/library/pkcs12.o
LOAD ./Core/Src/library/pkcs5.o
LOAD ./Core/Src/library/rsa.o
LOAD ./Core/Src/library/sha1.o
LOAD ./Core/Src/library/sha2.o
LOAD ./Core/Src/library/sha4.o
LOAD ./Core/Src/library/timing.o
LOAD ./Core/Src/library/version.o
LOAD ./Core/Src/library/x509write.o
LOAD ./Core/Src/library/xtea.o
LOAD ./Core/Startup/startup_stm32f103c8tx.o
LOAD ./Drivers/STM32F1xx_HAL_Driver/Src/stm32f1xx_hal.o
LOAD ./Drivers/STM32F1xx_HAL_Driver/Src/stm32f1xx_hal_cortex.o
LOAD ./Drivers/STM32F1xx_HAL_Driver/Src/stm32f1xx_hal_dma.o
LOAD ./Drivers/STM32F1xx_HAL_Driver/Src/stm32f1xx_hal_exti.o
LOAD ./Drivers/STM32F1xx_HAL_Driver/Src/stm32f1xx_hal_flash.o
LOAD ./Drivers/STM32F1xx_HAL_Driver/Src/stm32f1xx_hal_flash_ex.o
LOAD ./Drivers/STM32F1xx_HAL_Driver/Src/stm32f1xx_hal_gpio.o
LOAD ./Drivers/STM32F1xx_HAL_Driver/Src/stm32f1xx_hal_gpio_ex.o
LOAD ./Drivers/STM32F1xx_HAL_Driver/Src/stm32f1xx_hal_pwr.o
LOAD ./Drivers/STM32F1xx_HAL_Driver/Src/stm32f1xx_hal_rcc.o
LOAD ./Drivers/STM32F1xx_HAL_Driver/Src/stm32f1xx_hal_rcc_ex.o
LOAD ./Drivers/STM32F1xx_HAL_Driver/Src/stm32f1xx_hal_tim.o
LOAD ./Drivers/STM32F1xx_HAL_Driver/Src/stm32f1xx_hal_tim_ex.o
LOAD ./Drivers/STM32F1xx_HAL_Driver/Src/stm32f1xx_hal_uart.o
LOAD C:/Users/Administrator/Desktop/stm/t2/Core/lib/libSTM32Cryptographic_CM3.a
START GROUP
LOAD c:/st/stm32cubeide_1.10.1/stm32cubeide/plugins/com.st.stm32cube.ide.mcu.externaltools.gnu-tools-for-stm32.10.3-2021.10.win32_1.0.0.202111181127/tools/bin/../lib/gcc/arm-none-eabi/10.3.1/../../../../arm-none-eabi/lib/thumb/v7-m/nofp\libc_nano.a
LOAD c:/st/stm32cubeide_1.10.1/stm32cubeide/plugins/com.st.stm32cube.ide.mcu.externaltools.gnu-tools-for-stm32.10.3-2021.10.win32_1.0.0.202111181127/tools/bin/../lib/gcc/arm-none-eabi/10.3.1/../../../../arm-none-eabi/lib/thumb/v7-m/nofp\libm.a
END GROUP
START GROUP
LOAD c:/st/stm32cubeide_1.10.1/stm32cubeide/plugins/com.st.stm32cube.ide.mcu.externaltools.gnu-tools-for-stm32.10.3-2021.10.win32_1.0.0.202111181127/tools/bin/../lib/gcc/arm-none-eabi/10.3.1/thumb/v7-m/nofp\libgcc.a
LOAD c:/st/stm32cubeide_1.10.1/stm32cubeide/plugins/com.st.stm32cube.ide.mcu.externaltools.gnu-tools-for-stm32.10.3-2021.10.win32_1.0.0.202111181127/tools/bin/../lib/gcc/arm-none-eabi/10.3.1/../../../../arm-none-eabi/lib/thumb/v7-m/nofp\libc_nano.a
END GROUP
START GROUP
LOAD c:/st/stm32cubeide_1.10.1/stm32cubeide/plugins/com.st.stm32cube.ide.mcu.externaltools.gnu-tools-for-stm32.10.3-2021.10.win32_1.0.0.202111181127/tools/bin/../lib/gcc/arm-none-eabi/10.3.1/thumb/v7-m/nofp\libgcc.a
LOAD c:/st/stm32cubeide_1.10.1/stm32cubeide/plugins/com.st.stm32cube.ide.mcu.externaltools.gnu-tools-for-stm32.10.3-2021.10.win32_1.0.0.202111181127/tools/bin/../lib/gcc/arm-none-eabi/10.3.1/../../../../arm-none-eabi/lib/thumb/v7-m/nofp\libc_nano.a
LOAD c:/st/stm32cubeide_1.10.1/stm32cubeide/plugins/com.st.stm32cube.ide.mcu.externaltools.gnu-tools-for-stm32.10.3-2021.10.win32_1.0.0.202111181127/tools/bin/../lib/gcc/arm-none-eabi/10.3.1/../../../../arm-none-eabi/lib/thumb/v7-m/nofp\libnosys.a
END GROUP
START GROUP
LOAD c:/st/stm32cubeide_1.10.1/stm32cubeide/plugins/com.st.stm32cube.ide.mcu.externaltools.gnu-tools-for-stm32.10.3-2021.10.win32_1.0.0.202111181127/tools/bin/../lib/gcc/arm-none-eabi/10.3.1/thumb/v7-m/nofp\libgcc.a
LOAD c:/st/stm32cubeide_1.10.1/stm32cubeide/plugins/com.st.stm32cube.ide.mcu.externaltools.gnu-tools-for-stm32.10.3-2021.10.win32_1.0.0.202111181127/tools/bin/../lib/gcc/arm-none-eabi/10.3.1/../../../../arm-none-eabi/lib/thumb/v7-m/nofp\libc_nano.a
LOAD c:/st/stm32cubeide_1.10.1/stm32cubeide/plugins/com.st.stm32cube.ide.mcu.externaltools.gnu-tools-for-stm32.10.3-2021.10.win32_1.0.0.202111181127/tools/bin/../lib/gcc/arm-none-eabi/10.3.1/../../../../arm-none-eabi/lib/thumb/v7-m/nofp\libnosys.a
END GROUP
LOAD c:/st/stm32cubeide_1.10.1/stm32cubeide/plugins/com.st.stm32cube.ide.mcu.externaltools.gnu-tools-for-stm32.10.3-2021.10.win32_1.0.0.202111181127/tools/bin/../lib/gcc/arm-none-eabi/10.3.1/thumb/v7-m/nofp/crtend.o
LOAD c:/st/stm32cubeide_1.10.1/stm32cubeide/plugins/com.st.stm32cube.ide.mcu.externaltools.gnu-tools-for-stm32.10.3-2021.10.win32_1.0.0.202111181127/tools/bin/../lib/gcc/arm-none-eabi/10.3.1/thumb/v7-m/nofp/crtn.o
                0x0000000020005000                _estack = (ORIGIN (RAM) + LENGTH (RAM))
                0x0000000000000200                _Min_Heap_Size = 0x200
                0x0000000000000400                _Min_Stack_Size = 0x400

.isr_vector     0x0000000008000000      0x10c
                0x0000000008000000                . = ALIGN (0x4)
 *(.isr_vector)
 .isr_vector    0x0000000008000000      0x10c ./Core/Startup/startup_stm32f103c8tx.o
                0x0000000008000000                g_pfnVectors
                0x000000000800010c                . = ALIGN (0x4)

.text           0x000000000800010c     0x72b0
                0x000000000800010c                . = ALIGN (0x4)
 *(.text)
 .text          0x000000000800010c       0x40 c:/st/stm32cubeide_1.10.1/stm32cubeide/plugins/com.st.stm32cube.ide.mcu.externaltools.gnu-tools-for-stm32.10.3-2021.10.win32_1.0.0.202111181127/tools/bin/../lib/gcc/arm-none-eabi/10.3.1/thumb/v7-m/nofp/crtbegin.o
 *(.text*)
 .text.OLED_WR_Byte
                0x000000000800014c       0xc4 ./Core/Src/XMF_OLED_STM32Cube.o
                0x000000000800014c                OLED_WR_Byte
 .text.OLED_Set_Pos
                0x0000000008000210       0x5a ./Core/Src/XMF_OLED_STM32Cube.o
                0x0000000008000210                OLED_Set_Pos
 .text.OLED_Clear
                0x000000000800026a       0x6a ./Core/Src/XMF_OLED_STM32Cube.o
                0x000000000800026a                OLED_Clear
 .text.OLED_Init
                0x00000000080002d4      0x1c0 ./Core/Src/XMF_OLED_STM32Cube.o
                0x00000000080002d4                OLED_Init
 .text.load24_littleendian
                0x0000000008000494       0x2e ./Core/Src/cbd.o
 *fill*         0x00000000080004c2        0x2 
 .text.cbd3     0x00000000080004c4       0xc4 ./Core/Src/cbd.o
 .text.pqcrystals_kyber512_ref_poly_cbd_eta1
                0x0000000008000588       0x18 ./Core/Src/cbd.o
                0x0000000008000588                pqcrystals_kyber512_ref_poly_cbd_eta1
 .text.load64   0x00000000080005a0       0x74 ./Core/Src/fips202.o
 .text.store64  0x0000000008000614       0x54 ./Core/Src/fips202.o
 .text.KeccakF1600_StatePermute
                0x0000000008000668     0x31ac ./Core/Src/fips202.o
 .text.keccak_squeeze
                0x0000000008003814       0x9a ./Core/Src/fips202.o
 .text.keccak_absorb_once
                0x00000000080038ae      0x1b2 ./Core/Src/fips202.o
 .text.keccak_squeezeblocks
                0x0000000008003a60       0x62 ./Core/Src/fips202.o
 .text.pqcrystals_kyber_fips202_ref_shake128_absorb_once
                0x0000000008003ac2       0x2a ./Core/Src/fips202.o
                0x0000000008003ac2                pqcrystals_kyber_fips202_ref_shake128_absorb_once
 .text.pqcrystals_kyber_fips202_ref_shake128_squeezeblocks
                0x0000000008003aec       0x1e ./Core/Src/fips202.o
                0x0000000008003aec                pqcrystals_kyber_fips202_ref_shake128_squeezeblocks
 .text.pqcrystals_kyber_fips202_ref_shake256_squeeze
                0x0000000008003b0a       0x2e ./Core/Src/fips202.o
                0x0000000008003b0a                pqcrystals_kyber_fips202_ref_shake256_squeeze
 .text.pqcrystals_kyber_fips202_ref_shake256_absorb_once
                0x0000000008003b38       0x2a ./Core/Src/fips202.o
                0x0000000008003b38                pqcrystals_kyber_fips202_ref_shake256_absorb_once
 .text.pqcrystals_kyber_fips202_ref_shake256_squeezeblocks
                0x0000000008003b62       0x1e ./Core/Src/fips202.o
                0x0000000008003b62                pqcrystals_kyber_fips202_ref_shake256_squeezeblocks
 .text.pqcrystals_kyber_fips202_ref_shake256
                0x0000000008003b80       0x6c ./Core/Src/fips202.o
                0x0000000008003b80                pqcrystals_kyber_fips202_ref_shake256
 .text.pqcrystals_kyber_fips202_ref_sha3_256
                0x0000000008003bec       0x5a ./Core/Src/fips202.o
                0x0000000008003bec                pqcrystals_kyber_fips202_ref_sha3_256
 *fill*         0x0000000008003c46        0x2 
 .text.MX_GPIO_Init
                0x0000000008003c48       0xa8 ./Core/Src/gpio.o
                0x0000000008003c48                MX_GPIO_Init
 .text.pack_pk  0x0000000008003cf0       0x42 ./Core/Src/indcpa.o
 .text.pack_sk  0x0000000008003d32       0x18 ./Core/Src/indcpa.o
 .text.rej_uniform
                0x0000000008003d4a       0xc6 ./Core/Src/indcpa.o
 .text.pqcrystals_kyber512_ref_gen_matrix
                0x0000000008003e10      0x15c ./Core/Src/indcpa.o
                0x0000000008003e10                pqcrystals_kyber512_ref_gen_matrix
 .text.pqcrystals_kyber512_ref_indcpa_keypair
                0x0000000008003f6c      0x24c ./Core/Src/indcpa.o
                0x0000000008003f6c                pqcrystals_kyber512_ref_indcpa_keypair
 .text.pqcrystals_kyber512_ref_keypair
                0x00000000080041b8       0x62 ./Core/Src/kem.o
                0x00000000080041b8                pqcrystals_kyber512_ref_keypair
 .text.unpack_pk
                0x000000000800421a       0x42 ./Core/Src/main.o
 .text.unpack_sk
                0x000000000800425c       0x18 ./Core/Src/main.o
 .text.special_test
                0x0000000008004274      0x11c ./Core/Src/main.o
                0x0000000008004274                special_test
 .text.main     0x0000000008004390       0x64 ./Core/Src/main.o
                0x0000000008004390                main
 .text.SystemClock_Config
                0x00000000080043f4       0x7c ./Core/Src/main.o
                0x00000000080043f4                SystemClock_Config
 .text.Error_Handler
                0x0000000008004470        0x6 ./Core/Src/main.o
                0x0000000008004470                Error_Handler
 .text.fqmul    0x0000000008004476       0x2e ./Core/Src/ntt.o
 .text.pqcrystals_kyber512_ref_ntt
                0x00000000080044a4       0xd0 ./Core/Src/ntt.o
                0x00000000080044a4                pqcrystals_kyber512_ref_ntt
 .text.pqcrystals_kyber512_ref_basemul
                0x0000000008004574       0xc8 ./Core/Src/ntt.o
                0x0000000008004574                pqcrystals_kyber512_ref_basemul
 .text.pqcrystals_kyber512_ref_poly_tobytes
                0x000000000800463c       0xcc ./Core/Src/poly.o
                0x000000000800463c                pqcrystals_kyber512_ref_poly_tobytes
 .text.pqcrystals_kyber512_ref_poly_frombytes
                0x0000000008004708       0x98 ./Core/Src/poly.o
                0x0000000008004708                pqcrystals_kyber512_ref_poly_frombytes
 .text.pqcrystals_kyber512_ref_poly_getnoise_eta1
                0x00000000080047a0       0x2e ./Core/Src/poly.o
                0x00000000080047a0                pqcrystals_kyber512_ref_poly_getnoise_eta1
 .text.pqcrystals_kyber512_ref_poly_ntt
                0x00000000080047ce       0x1c ./Core/Src/poly.o
                0x00000000080047ce                pqcrystals_kyber512_ref_poly_ntt
 *fill*         0x00000000080047ea        0x2 
 .text.pqcrystals_kyber512_ref_poly_basemul_montgomery
                0x00000000080047ec       0x90 ./Core/Src/poly.o
                0x00000000080047ec                pqcrystals_kyber512_ref_poly_basemul_montgomery
 .text.pqcrystals_kyber512_ref_poly_tomont
                0x000000000800487c       0x4e ./Core/Src/poly.o
                0x000000000800487c                pqcrystals_kyber512_ref_poly_tomont
 .text.pqcrystals_kyber512_ref_poly_reduce
                0x00000000080048ca       0x3c ./Core/Src/poly.o
                0x00000000080048ca                pqcrystals_kyber512_ref_poly_reduce
 .text.pqcrystals_kyber512_ref_poly_add
                0x0000000008004906       0x44 ./Core/Src/poly.o
                0x0000000008004906                pqcrystals_kyber512_ref_poly_add
 .text.pqcrystals_kyber512_ref_polyvec_tobytes
                0x000000000800494a       0x42 ./Core/Src/polyvec.o
                0x000000000800494a                pqcrystals_kyber512_ref_polyvec_tobytes
 .text.pqcrystals_kyber512_ref_polyvec_frombytes
                0x000000000800498c       0x42 ./Core/Src/polyvec.o
                0x000000000800498c                pqcrystals_kyber512_ref_polyvec_frombytes
 .text.pqcrystals_kyber512_ref_polyvec_ntt
                0x00000000080049ce       0x30 ./Core/Src/polyvec.o
                0x00000000080049ce                pqcrystals_kyber512_ref_polyvec_ntt
 .text.pqcrystals_kyber512_ref_polyvec_basemul_acc_montgomery
                0x00000000080049fe       0x9c ./Core/Src/polyvec.o
                0x00000000080049fe                pqcrystals_kyber512_ref_polyvec_basemul_acc_montgomery
 .text.pqcrystals_kyber512_ref_polyvec_reduce
                0x0000000008004a9a       0x30 ./Core/Src/polyvec.o
                0x0000000008004a9a                pqcrystals_kyber512_ref_polyvec_reduce
 .text.pqcrystals_kyber512_ref_polyvec_add
                0x0000000008004aca       0x44 ./Core/Src/polyvec.o
                0x0000000008004aca                pqcrystals_kyber512_ref_polyvec_add
 *fill*         0x0000000008004b0e        0x2 
 .text.surf     0x0000000008004b10      0x244 ./Core/Src/randombytes.o
 .text.randombytes
                0x0000000008004d54       0xa0 ./Core/Src/randombytes.o
                0x0000000008004d54                randombytes
 .text.pqcrystals_kyber512_ref_montgomery_reduce
                0x0000000008004df4       0x4c ./Core/Src/reduce.o
                0x0000000008004df4                pqcrystals_kyber512_ref_montgomery_reduce
 .text.pqcrystals_kyber512_ref_barrett_reduce
                0x0000000008004e40       0x52 ./Core/Src/reduce.o
                0x0000000008004e40                pqcrystals_kyber512_ref_barrett_reduce
 *fill*         0x0000000008004e92        0x2 
 .text.HAL_MspInit
                0x0000000008004e94       0x70 ./Core/Src/stm32f1xx_hal_msp.o
                0x0000000008004e94                HAL_MspInit
 .text.NMI_Handler
                0x0000000008004f04        0x2 ./Core/Src/stm32f1xx_it.o
                0x0000000008004f04                NMI_Handler
 .text.HardFault_Handler
                0x0000000008004f06        0x2 ./Core/Src/stm32f1xx_it.o
                0x0000000008004f06                HardFault_Handler
 .text.MemManage_Handler
                0x0000000008004f08        0x2 ./Core/Src/stm32f1xx_it.o
                0x0000000008004f08                MemManage_Handler
 .text.BusFault_Handler
                0x0000000008004f0a        0x2 ./Core/Src/stm32f1xx_it.o
                0x0000000008004f0a                BusFault_Handler
 .text.UsageFault_Handler
                0x0000000008004f0c        0x2 ./Core/Src/stm32f1xx_it.o
                0x0000000008004f0c                UsageFault_Handler
 .text.SVC_Handler
                0x0000000008004f0e        0x4 ./Core/Src/stm32f1xx_it.o
                0x0000000008004f0e                SVC_Handler
 .text.DebugMon_Handler
                0x0000000008004f12        0x4 ./Core/Src/stm32f1xx_it.o
                0x0000000008004f12                DebugMon_Handler
 .text.PendSV_Handler
                0x0000000008004f16        0x4 ./Core/Src/stm32f1xx_it.o
                0x0000000008004f16                PendSV_Handler
 .text.SysTick_Handler
                0x0000000008004f1a        0xa ./Core/Src/stm32f1xx_it.o
                0x0000000008004f1a                SysTick_Handler
 .text.RCC_IRQHandler
                0x0000000008004f24        0x4 ./Core/Src/stm32f1xx_it.o
                0x0000000008004f24                RCC_IRQHandler
 .text.USART1_IRQHandler
                0x0000000008004f28       0x10 ./Core/Src/stm32f1xx_it.o
                0x0000000008004f28                USART1_IRQHandler
 .text.pqcrystals_kyber512_ref_kyber_shake128_absorb
                0x0000000008004f38       0x48 ./Core/Src/symmetric-shake.o
                0x0000000008004f38                pqcrystals_kyber512_ref_kyber_shake128_absorb
 .text.pqcrystals_kyber512_ref_kyber_shake256_prf
                0x0000000008004f80       0x36 ./Core/Src/symmetric-shake.o
                0x0000000008004f80                pqcrystals_kyber512_ref_kyber_shake256_prf
 *fill*         0x0000000008004fb6        0x2 
 .text._sbrk    0x0000000008004fb8       0x6c ./Core/Src/sysmem.o
                0x0000000008004fb8                _sbrk
 .text.SystemInit
                0x0000000008005024        0x4 ./Core/Src/system_stm32f1xx.o
                0x0000000008005024                SystemInit
 .text.MX_USART1_UART_Init
                0x0000000008005028       0x50 ./Core/Src/usart.o
                0x0000000008005028                MX_USART1_UART_Init
 .text.HAL_UART_MspInit
                0x0000000008005078       0xa0 ./Core/Src/usart.o
                0x0000000008005078                HAL_UART_MspInit
 .text.Reset_Handler
                0x0000000008005118       0x48 ./Core/Startup/startup_stm32f103c8tx.o
                0x0000000008005118                Reset_Handler
 .text.Default_Handler
                0x0000000008005160        0x2 ./Core/Startup/startup_stm32f103c8tx.o
                0x0000000008005160                RTC_Alarm_IRQHandler
                0x0000000008005160                EXTI2_IRQHandler
                0x0000000008005160                TIM1_CC_IRQHandler
                0x0000000008005160                PVD_IRQHandler
                0x0000000008005160                EXTI3_IRQHandler
                0x0000000008005160                EXTI0_IRQHandler
                0x0000000008005160                I2C2_EV_IRQHandler
                0x0000000008005160                ADC1_2_IRQHandler
                0x0000000008005160                SPI1_IRQHandler
                0x0000000008005160                TAMPER_IRQHandler
                0x0000000008005160                DMA1_Channel4_IRQHandler
                0x0000000008005160                USART3_IRQHandler
                0x0000000008005160                RTC_IRQHandler
                0x0000000008005160                DMA1_Channel7_IRQHandler
                0x0000000008005160                CAN1_RX1_IRQHandler
                0x0000000008005160                TIM4_IRQHandler
                0x0000000008005160                I2C1_EV_IRQHandler
                0x0000000008005160                DMA1_Channel6_IRQHandler
                0x0000000008005160                TIM3_IRQHandler
                0x0000000008005160                TIM1_TRG_COM_IRQHandler
                0x0000000008005160                DMA1_Channel1_IRQHandler
                0x0000000008005160                Default_Handler
                0x0000000008005160                EXTI15_10_IRQHandler
                0x0000000008005160                EXTI9_5_IRQHandler
                0x0000000008005160                SPI2_IRQHandler
                0x0000000008005160                DMA1_Channel5_IRQHandler
                0x0000000008005160                EXTI4_IRQHandler
                0x0000000008005160                USB_LP_CAN1_RX0_IRQHandler
                0x0000000008005160                USB_HP_CAN1_TX_IRQHandler
                0x0000000008005160                DMA1_Channel3_IRQHandler
                0x0000000008005160                TIM1_UP_IRQHandler
                0x0000000008005160                WWDG_IRQHandler
                0x0000000008005160                TIM2_IRQHandler
                0x0000000008005160                TIM1_BRK_IRQHandler
                0x0000000008005160                EXTI1_IRQHandler
                0x0000000008005160                USART2_IRQHandler
                0x0000000008005160                I2C2_ER_IRQHandler
                0x0000000008005160                DMA1_Channel2_IRQHandler
                0x0000000008005160                CAN1_SCE_IRQHandler
                0x0000000008005160                FLASH_IRQHandler
                0x0000000008005160                I2C1_ER_IRQHandler
                0x0000000008005160                USBWakeUp_IRQHandler
 *fill*         0x0000000008005162        0x2 
 .text.HAL_Init
                0x0000000008005164       0x28 ./Drivers/STM32F1xx_HAL_Driver/Src/stm32f1xx_hal.o
                0x0000000008005164                HAL_Init
 .text.HAL_InitTick
                0x000000000800518c       0x60 ./Drivers/STM32F1xx_HAL_Driver/Src/stm32f1xx_hal.o
                0x000000000800518c                HAL_InitTick
 .text.HAL_IncTick
                0x00000000080051ec       0x1c ./Drivers/STM32F1xx_HAL_Driver/Src/stm32f1xx_hal.o
                0x00000000080051ec                HAL_IncTick
 .text.HAL_GetTick
                0x0000000008005208        0xc ./Drivers/STM32F1xx_HAL_Driver/Src/stm32f1xx_hal.o
                0x0000000008005208                HAL_GetTick
 .text.__NVIC_SetPriorityGrouping
                0x0000000008005214       0x40 ./Drivers/STM32F1xx_HAL_Driver/Src/stm32f1xx_hal_cortex.o
 .text.__NVIC_GetPriorityGrouping
                0x0000000008005254       0x14 ./Drivers/STM32F1xx_HAL_Driver/Src/stm32f1xx_hal_cortex.o
 .text.__NVIC_EnableIRQ
                0x0000000008005268       0x34 ./Drivers/STM32F1xx_HAL_Driver/Src/stm32f1xx_hal_cortex.o
 .text.__NVIC_SetPriority
                0x000000000800529c       0x50 ./Drivers/STM32F1xx_HAL_Driver/Src/stm32f1xx_hal_cortex.o
 .text.NVIC_EncodePriority
                0x00000000080052ec       0x5c ./Drivers/STM32F1xx_HAL_Driver/Src/stm32f1xx_hal_cortex.o
 .text.SysTick_Config
                0x0000000008005348       0x40 ./Drivers/STM32F1xx_HAL_Driver/Src/stm32f1xx_hal_cortex.o
 .text.HAL_NVIC_SetPriorityGrouping
                0x0000000008005388       0x14 ./Drivers/STM32F1xx_HAL_Driver/Src/stm32f1xx_hal_cortex.o
                0x0000000008005388                HAL_NVIC_SetPriorityGrouping
 .text.HAL_NVIC_SetPriority
                0x000000000800539c       0x38 ./Drivers/STM32F1xx_HAL_Driver/Src/stm32f1xx_hal_cortex.o
                0x000000000800539c                HAL_NVIC_SetPriority
 .text.HAL_NVIC_EnableIRQ
                0x00000000080053d4       0x1c ./Drivers/STM32F1xx_HAL_Driver/Src/stm32f1xx_hal_cortex.o
                0x00000000080053d4                HAL_NVIC_EnableIRQ
 .text.HAL_SYSTICK_Config
                0x00000000080053f0       0x16 ./Drivers/STM32F1xx_HAL_Driver/Src/stm32f1xx_hal_cortex.o
                0x00000000080053f0                HAL_SYSTICK_Config
 .text.HAL_DMA_Abort
                0x0000000008005406       0x70 ./Drivers/STM32F1xx_HAL_Driver/Src/stm32f1xx_hal_dma.o
                0x0000000008005406                HAL_DMA_Abort
 *fill*         0x0000000008005476        0x2 
 .text.HAL_DMA_Abort_IT
                0x0000000008005478       0xf0 ./Drivers/STM32F1xx_HAL_Driver/Src/stm32f1xx_hal_dma.o
                0x0000000008005478                HAL_DMA_Abort_IT
 .text.HAL_GPIO_Init
                0x0000000008005568      0x300 ./Drivers/STM32F1xx_HAL_Driver/Src/stm32f1xx_hal_gpio.o
                0x0000000008005568                HAL_GPIO_Init
 .text.HAL_GPIO_WritePin
                0x0000000008005868       0x32 ./Drivers/STM32F1xx_HAL_Driver/Src/stm32f1xx_hal_gpio.o
                0x0000000008005868                HAL_GPIO_WritePin
 *fill*         0x000000000800589a        0x2 
 .text.HAL_RCC_OscConfig
                0x000000000800589c      0x508 ./Drivers/STM32F1xx_HAL_Driver/Src/stm32f1xx_hal_rcc.o
                0x000000000800589c                HAL_RCC_OscConfig
 .text.HAL_RCC_ClockConfig
                0x0000000008005da4      0x1d0 ./Drivers/STM32F1xx_HAL_Driver/Src/stm32f1xx_hal_rcc.o
                0x0000000008005da4                HAL_RCC_ClockConfig
 .text.HAL_RCC_GetSysClockFreq
                0x0000000008005f74       0xb8 ./Drivers/STM32F1xx_HAL_Driver/Src/stm32f1xx_hal_rcc.o
                0x0000000008005f74                HAL_RCC_GetSysClockFreq
 .text.HAL_RCC_GetHCLKFreq
                0x000000000800602c        0xc ./Drivers/STM32F1xx_HAL_Driver/Src/stm32f1xx_hal_rcc.o
                0x000000000800602c                HAL_RCC_GetHCLKFreq
 .text.HAL_RCC_GetPCLK1Freq
                0x0000000008006038       0x28 ./Drivers/STM32F1xx_HAL_Driver/Src/stm32f1xx_hal_rcc.o
                0x0000000008006038                HAL_RCC_GetPCLK1Freq
 .text.HAL_RCC_GetPCLK2Freq
                0x0000000008006060       0x28 ./Drivers/STM32F1xx_HAL_Driver/Src/stm32f1xx_hal_rcc.o
                0x0000000008006060                HAL_RCC_GetPCLK2Freq
 .text.RCC_Delay
                0x0000000008006088       0x34 ./Drivers/STM32F1xx_HAL_Driver/Src/stm32f1xx_hal_rcc.o
 .text.HAL_UART_Init
                0x00000000080060bc       0x98 ./Drivers/STM32F1xx_HAL_Driver/Src/stm32f1xx_hal_uart.o
                0x00000000080060bc                HAL_UART_Init
 .text.HAL_UART_Transmit
                0x0000000008006154      0x12a ./Drivers/STM32F1xx_HAL_Driver/Src/stm32f1xx_hal_uart.o
                0x0000000008006154                HAL_UART_Transmit
 *fill*         0x000000000800627e        0x2 
 .text.HAL_UART_IRQHandler
                0x0000000008006280      0x360 ./Drivers/STM32F1xx_HAL_Driver/Src/stm32f1xx_hal_uart.o
                0x0000000008006280                HAL_UART_IRQHandler
 .text.HAL_UART_TxCpltCallback
                0x00000000080065e0        0xa ./Drivers/STM32F1xx_HAL_Driver/Src/stm32f1xx_hal_uart.o
                0x00000000080065e0                HAL_UART_TxCpltCallback
 .text.HAL_UART_RxCpltCallback
                0x00000000080065ea        0xa ./Drivers/STM32F1xx_HAL_Driver/Src/stm32f1xx_hal_uart.o
                0x00000000080065ea                HAL_UART_RxCpltCallback
 .text.HAL_UART_ErrorCallback
                0x00000000080065f4        0xa ./Drivers/STM32F1xx_HAL_Driver/Src/stm32f1xx_hal_uart.o
                0x00000000080065f4                HAL_UART_ErrorCallback
 .text.HAL_UARTEx_RxEventCallback
                0x00000000080065fe       0x10 ./Drivers/STM32F1xx_HAL_Driver/Src/stm32f1xx_hal_uart.o
                0x00000000080065fe                HAL_UARTEx_RxEventCallback
 .text.UART_WaitOnFlagUntilTimeout
                0x000000000800660e       0x96 ./Drivers/STM32F1xx_HAL_Driver/Src/stm32f1xx_hal_uart.o
 .text.UART_EndRxTransfer
                0x00000000080066a4       0x50 ./Drivers/STM32F1xx_HAL_Driver/Src/stm32f1xx_hal_uart.o
 .text.UART_DMAAbortOnError
                0x00000000080066f4       0x26 ./Drivers/STM32F1xx_HAL_Driver/Src/stm32f1xx_hal_uart.o
 .text.UART_Transmit_IT
                0x000000000800671a       0x96 ./Drivers/STM32F1xx_HAL_Driver/Src/stm32f1xx_hal_uart.o
 .text.UART_EndTransmit_IT
                0x00000000080067b0       0x2e ./Drivers/STM32F1xx_HAL_Driver/Src/stm32f1xx_hal_uart.o
 .text.UART_Receive_IT
                0x00000000080067de      0x150 ./Drivers/STM32F1xx_HAL_Driver/Src/stm32f1xx_hal_uart.o
 *fill*         0x000000000800692e        0x2 
 .text.UART_SetConfig
                0x0000000008006930      0x11c ./Drivers/STM32F1xx_HAL_Driver/Src/stm32f1xx_hal_uart.o
 .text.__errno  0x0000000008006a4c        0xc c:/st/stm32cubeide_1.10.1/stm32cubeide/plugins/com.st.stm32cube.ide.mcu.externaltools.gnu-tools-for-stm32.10.3-2021.10.win32_1.0.0.202111181127/tools/bin/../lib/gcc/arm-none-eabi/10.3.1/../../../../arm-none-eabi/lib/thumb/v7-m/nofp\libc_nano.a(lib_a-errno.o)
                0x0000000008006a4c                __errno
 .text.__libc_init_array
                0x0000000008006a58       0x48 c:/st/stm32cubeide_1.10.1/stm32cubeide/plugins/com.st.stm32cube.ide.mcu.externaltools.gnu-tools-for-stm32.10.3-2021.10.win32_1.0.0.202111181127/tools/bin/../lib/gcc/arm-none-eabi/10.3.1/../../../../arm-none-eabi/lib/thumb/v7-m/nofp\libc_nano.a(lib_a-init.o)
                0x0000000008006a58                __libc_init_array
 .text.__retarget_lock_acquire_recursive
                0x0000000008006aa0        0x2 c:/st/stm32cubeide_1.10.1/stm32cubeide/plugins/com.st.stm32cube.ide.mcu.externaltools.gnu-tools-for-stm32.10.3-2021.10.win32_1.0.0.202111181127/tools/bin/../lib/gcc/arm-none-eabi/10.3.1/../../../../arm-none-eabi/lib/thumb/v7-m/nofp\libc_nano.a(lib_a-lock.o)
                0x0000000008006aa0                __retarget_lock_acquire_recursive
 .text.__retarget_lock_release_recursive
                0x0000000008006aa2        0x2 c:/st/stm32cubeide_1.10.1/stm32cubeide/plugins/com.st.stm32cube.ide.mcu.externaltools.gnu-tools-for-stm32.10.3-2021.10.win32_1.0.0.202111181127/tools/bin/../lib/gcc/arm-none-eabi/10.3.1/../../../../arm-none-eabi/lib/thumb/v7-m/nofp\libc_nano.a(lib_a-lock.o)
                0x0000000008006aa2                __retarget_lock_release_recursive
 .text.memchr   0x0000000008006aa4       0x1c c:/st/stm32cubeide_1.10.1/stm32cubeide/plugins/com.st.stm32cube.ide.mcu.externaltools.gnu-tools-for-stm32.10.3-2021.10.win32_1.0.0.202111181127/tools/bin/../lib/gcc/arm-none-eabi/10.3.1/../../../../arm-none-eabi/lib/thumb/v7-m/nofp\libc_nano.a(lib_a-memchr-stub.o)
                0x0000000008006aa4                memchr
 .text.memcpy   0x0000000008006ac0       0x1c c:/st/stm32cubeide_1.10.1/stm32cubeide/plugins/com.st.stm32cube.ide.mcu.externaltools.gnu-tools-for-stm32.10.3-2021.10.win32_1.0.0.202111181127/tools/bin/../lib/gcc/arm-none-eabi/10.3.1/../../../../arm-none-eabi/lib/thumb/v7-m/nofp\libc_nano.a(lib_a-memcpy-stub.o)
                0x0000000008006ac0                memcpy
 .text.memset   0x0000000008006adc       0x10 c:/st/stm32cubeide_1.10.1/stm32cubeide/plugins/com.st.stm32cube.ide.mcu.externaltools.gnu-tools-for-stm32.10.3-2021.10.win32_1.0.0.202111181127/tools/bin/../lib/gcc/arm-none-eabi/10.3.1/../../../../arm-none-eabi/lib/thumb/v7-m/nofp\libc_nano.a(lib_a-memset.o)
                0x0000000008006adc                memset
 .text._free_r  0x0000000008006aec       0x90 c:/st/stm32cubeide_1.10.1/stm32cubeide/plugins/com.st.stm32cube.ide.mcu.externaltools.gnu-tools-for-stm32.10.3-2021.10.win32_1.0.0.202111181127/tools/bin/../lib/gcc/arm-none-eabi/10.3.1/../../../../arm-none-eabi/lib/thumb/v7-m/nofp\libc_nano.a(lib_a-nano-freer.o)
                0x0000000008006aec                _free_r
 .text.sbrk_aligned
                0x0000000008006b7c       0x40 c:/st/stm32cubeide_1.10.1/stm32cubeide/plugins/com.st.stm32cube.ide.mcu.externaltools.gnu-tools-for-stm32.10.3-2021.10.win32_1.0.0.202111181127/tools/bin/../lib/gcc/arm-none-eabi/10.3.1/../../../../arm-none-eabi/lib/thumb/v7-m/nofp\libc_nano.a(lib_a-nano-mallocr.o)
 .text._malloc_r
                0x0000000008006bbc       0xe8 c:/st/stm32cubeide_1.10.1/stm32cubeide/plugins/com.st.stm32cube.ide.mcu.externaltools.gnu-tools-for-stm32.10.3-2021.10.win32_1.0.0.202111181127/tools/bin/../lib/gcc/arm-none-eabi/10.3.1/../../../../arm-none-eabi/lib/thumb/v7-m/nofp\libc_nano.a(lib_a-nano-mallocr.o)
                0x0000000008006bbc                _malloc_r
 .text._sbrk_r  0x0000000008006ca4       0x20 c:/st/stm32cubeide_1.10.1/stm32cubeide/plugins/com.st.stm32cube.ide.mcu.externaltools.gnu-tools-for-stm32.10.3-2021.10.win32_1.0.0.202111181127/tools/bin/../lib/gcc/arm-none-eabi/10.3.1/../../../../arm-none-eabi/lib/thumb/v7-m/nofp\libc_nano.a(lib_a-sbrkr.o)
                0x0000000008006ca4                _sbrk_r
 .text.sprintf  0x0000000008006cc4       0x40 c:/st/stm32cubeide_1.10.1/stm32cubeide/plugins/com.st.stm32cube.ide.mcu.externaltools.gnu-tools-for-stm32.10.3-2021.10.win32_1.0.0.202111181127/tools/bin/../lib/gcc/arm-none-eabi/10.3.1/../../../../arm-none-eabi/lib/thumb/v7-m/nofp\libc_nano.a(lib_a-sprintf.o)
                0x0000000008006cc4                siprintf
                0x0000000008006cc4                sprintf
 .text.__malloc_lock
                0x0000000008006d04        0xc c:/st/stm32cubeide_1.10.1/stm32cubeide/plugins/com.st.stm32cube.ide.mcu.externaltools.gnu-tools-for-stm32.10.3-2021.10.win32_1.0.0.202111181127/tools/bin/../lib/gcc/arm-none-eabi/10.3.1/../../../../arm-none-eabi/lib/thumb/v7-m/nofp\libc_nano.a(lib_a-mlock.o)
                0x0000000008006d04                __malloc_lock
 .text.__malloc_unlock
                0x0000000008006d10        0xc c:/st/stm32cubeide_1.10.1/stm32cubeide/plugins/com.st.stm32cube.ide.mcu.externaltools.gnu-tools-for-stm32.10.3-2021.10.win32_1.0.0.202111181127/tools/bin/../lib/gcc/arm-none-eabi/10.3.1/../../../../arm-none-eabi/lib/thumb/v7-m/nofp\libc_nano.a(lib_a-mlock.o)
                0x0000000008006d10                __malloc_unlock
 .text.__ssputs_r
                0x0000000008006d1c       0xb6 c:/st/stm32cubeide_1.10.1/stm32cubeide/plugins/com.st.stm32cube.ide.mcu.externaltools.gnu-tools-for-stm32.10.3-2021.10.win32_1.0.0.202111181127/tools/bin/../lib/gcc/arm-none-eabi/10.3.1/../../../../arm-none-eabi/lib/thumb/v7-m/nofp\libc_nano.a(lib_a-nano-svfprintf.o)
                0x0000000008006d1c                __ssputs_r
 *fill*         0x0000000008006dd2        0x2 
 .text._svfprintf_r
                0x0000000008006dd4      0x200 c:/st/stm32cubeide_1.10.1/stm32cubeide/plugins/com.st.stm32cube.ide.mcu.externaltools.gnu-tools-for-stm32.10.3-2021.10.win32_1.0.0.202111181127/tools/bin/../lib/gcc/arm-none-eabi/10.3.1/../../../../arm-none-eabi/lib/thumb/v7-m/nofp\libc_nano.a(lib_a-nano-svfprintf.o)
                0x0000000008006dd4                _svfiprintf_r
                0x0000000008006dd4                _svfprintf_r
 .text._printf_common
                0x0000000008006fd4       0xde c:/st/stm32cubeide_1.10.1/stm32cubeide/plugins/com.st.stm32cube.ide.mcu.externaltools.gnu-tools-for-stm32.10.3-2021.10.win32_1.0.0.202111181127/tools/bin/../lib/gcc/arm-none-eabi/10.3.1/../../../../arm-none-eabi/lib/thumb/v7-m/nofp\libc_nano.a(lib_a-nano-vfprintf_i.o)
                0x0000000008006fd4                _printf_common
 *fill*         0x00000000080070b2        0x2 
 .text._printf_i
                0x00000000080070b4      0x24c c:/st/stm32cubeide_1.10.1/stm32cubeide/plugins/com.st.stm32cube.ide.mcu.externaltools.gnu-tools-for-stm32.10.3-2021.10.win32_1.0.0.202111181127/tools/bin/../lib/gcc/arm-none-eabi/10.3.1/../../../../arm-none-eabi/lib/thumb/v7-m/nofp\libc_nano.a(lib_a-nano-vfprintf_i.o)
                0x00000000080070b4                _printf_i
 .text.memmove  0x0000000008007300       0x34 c:/st/stm32cubeide_1.10.1/stm32cubeide/plugins/com.st.stm32cube.ide.mcu.externaltools.gnu-tools-for-stm32.10.3-2021.10.win32_1.0.0.202111181127/tools/bin/../lib/gcc/arm-none-eabi/10.3.1/../../../../arm-none-eabi/lib/thumb/v7-m/nofp\libc_nano.a(lib_a-memmove.o)
                0x0000000008007300                memmove
 .text._realloc_r
                0x0000000008007334       0x5e c:/st/stm32cubeide_1.10.1/stm32cubeide/plugins/com.st.stm32cube.ide.mcu.externaltools.gnu-tools-for-stm32.10.3-2021.10.win32_1.0.0.202111181127/tools/bin/../lib/gcc/arm-none-eabi/10.3.1/../../../../arm-none-eabi/lib/thumb/v7-m/nofp\libc_nano.a(lib_a-nano-reallocr.o)
                0x0000000008007334                _realloc_r
 .text._malloc_usable_size_r
                0x0000000008007392       0x10 c:/st/stm32cubeide_1.10.1/stm32cubeide/plugins/com.st.stm32cube.ide.mcu.externaltools.gnu-tools-for-stm32.10.3-2021.10.win32_1.0.0.202111181127/tools/bin/../lib/gcc/arm-none-eabi/10.3.1/../../../../arm-none-eabi/lib/thumb/v7-m/nofp\libc_nano.a(lib_a-nano-msizer.o)
                0x0000000008007392                _malloc_usable_size_r
 *(.glue_7)
 .glue_7        0x00000000080073a2        0x0 linker stubs
 *(.glue_7t)
 .glue_7t       0x00000000080073a2        0x0 linker stubs
 *(.eh_frame)
 *fill*         0x00000000080073a2        0x2 
 .eh_frame      0x00000000080073a4        0x0 c:/st/stm32cubeide_1.10.1/stm32cubeide/plugins/com.st.stm32cube.ide.mcu.externaltools.gnu-tools-for-stm32.10.3-2021.10.win32_1.0.0.202111181127/tools/bin/../lib/gcc/arm-none-eabi/10.3.1/thumb/v7-m/nofp/crtbegin.o
 *(.init)
 .init          0x00000000080073a4        0x4 c:/st/stm32cubeide_1.10.1/stm32cubeide/plugins/com.st.stm32cube.ide.mcu.externaltools.gnu-tools-for-stm32.10.3-2021.10.win32_1.0.0.202111181127/tools/bin/../lib/gcc/arm-none-eabi/10.3.1/thumb/v7-m/nofp/crti.o
                0x00000000080073a4                _init
 .init          0x00000000080073a8        0x8 c:/st/stm32cubeide_1.10.1/stm32cubeide/plugins/com.st.stm32cube.ide.mcu.externaltools.gnu-tools-for-stm32.10.3-2021.10.win32_1.0.0.202111181127/tools/bin/../lib/gcc/arm-none-eabi/10.3.1/thumb/v7-m/nofp/crtn.o
 *(.fini)
 .fini          0x00000000080073b0        0x4 c:/st/stm32cubeide_1.10.1/stm32cubeide/plugins/com.st.stm32cube.ide.mcu.externaltools.gnu-tools-for-stm32.10.3-2021.10.win32_1.0.0.202111181127/tools/bin/../lib/gcc/arm-none-eabi/10.3.1/thumb/v7-m/nofp/crti.o
                0x00000000080073b0                _fini
 .fini          0x00000000080073b4        0x8 c:/st/stm32cubeide_1.10.1/stm32cubeide/plugins/com.st.stm32cube.ide.mcu.externaltools.gnu-tools-for-stm32.10.3-2021.10.win32_1.0.0.202111181127/tools/bin/../lib/gcc/arm-none-eabi/10.3.1/thumb/v7-m/nofp/crtn.o
                0x00000000080073bc                . = ALIGN (0x4)
                0x00000000080073bc                _etext = .

.vfp11_veneer   0x00000000080073bc        0x0
 .vfp11_veneer  0x00000000080073bc        0x0 linker stubs

.v4_bx          0x00000000080073bc        0x0
 .v4_bx         0x00000000080073bc        0x0 linker stubs

.iplt           0x00000000080073bc        0x0
 .iplt          0x00000000080073bc        0x0 c:/st/stm32cubeide_1.10.1/stm32cubeide/plugins/com.st.stm32cube.ide.mcu.externaltools.gnu-tools-for-stm32.10.3-2021.10.win32_1.0.0.202111181127/tools/bin/../lib/gcc/arm-none-eabi/10.3.1/thumb/v7-m/nofp/crtbegin.o

.rodata         0x00000000080073c0      0x43c
                0x00000000080073c0                . = ALIGN (0x4)
 *(.rodata)
 .rodata        0x00000000080073c0       0x40 ./Core/Src/indcpa.o
 .rodata        0x0000000008007400      0x17b ./Core/Src/main.o
 *fill*         0x000000000800757b        0x1 
 .rodata        0x000000000800757c       0x10 ./Drivers/STM32F1xx_HAL_Driver/Src/stm32f1xx_hal_rcc.o
 *(.rodata*)
 *fill*         0x000000000800758c        0x4 
 .rodata.KeccakF_RoundConstants
                0x0000000008007590       0xc0 ./Core/Src/fips202.o
 .rodata.pqcrystals_kyber512_ref_zetas
                0x0000000008007650      0x100 ./Core/Src/ntt.o
                0x0000000008007650                pqcrystals_kyber512_ref_zetas
 .rodata.AHBPrescTable
                0x0000000008007750       0x10 ./Core/Src/system_stm32f1xx.o
                0x0000000008007750                AHBPrescTable
 .rodata.APBPrescTable
                0x0000000008007760        0x8 ./Core/Src/system_stm32f1xx.o
                0x0000000008007760                APBPrescTable
 .rodata.__sf_fake_stderr
                0x0000000008007768       0x20 c:/st/stm32cubeide_1.10.1/stm32cubeide/plugins/com.st.stm32cube.ide.mcu.externaltools.gnu-tools-for-stm32.10.3-2021.10.win32_1.0.0.202111181127/tools/bin/../lib/gcc/arm-none-eabi/10.3.1/../../../../arm-none-eabi/lib/thumb/v7-m/nofp\libc_nano.a(lib_a-findfp.o)
                0x0000000008007768                __sf_fake_stderr
 .rodata.__sf_fake_stdin
                0x0000000008007788       0x20 c:/st/stm32cubeide_1.10.1/stm32cubeide/plugins/com.st.stm32cube.ide.mcu.externaltools.gnu-tools-for-stm32.10.3-2021.10.win32_1.0.0.202111181127/tools/bin/../lib/gcc/arm-none-eabi/10.3.1/../../../../arm-none-eabi/lib/thumb/v7-m/nofp\libc_nano.a(lib_a-findfp.o)
                0x0000000008007788                __sf_fake_stdin
 .rodata.__sf_fake_stdout
                0x00000000080077a8       0x20 c:/st/stm32cubeide_1.10.1/stm32cubeide/plugins/com.st.stm32cube.ide.mcu.externaltools.gnu-tools-for-stm32.10.3-2021.10.win32_1.0.0.202111181127/tools/bin/../lib/gcc/arm-none-eabi/10.3.1/../../../../arm-none-eabi/lib/thumb/v7-m/nofp\libc_nano.a(lib_a-findfp.o)
                0x00000000080077a8                __sf_fake_stdout
 .rodata._svfprintf_r.str1.1
                0x00000000080077c8       0x11 c:/st/stm32cubeide_1.10.1/stm32cubeide/plugins/com.st.stm32cube.ide.mcu.externaltools.gnu-tools-for-stm32.10.3-2021.10.win32_1.0.0.202111181127/tools/bin/../lib/gcc/arm-none-eabi/10.3.1/../../../../arm-none-eabi/lib/thumb/v7-m/nofp\libc_nano.a(lib_a-nano-svfprintf.o)
 .rodata._printf_i.str1.1
                0x00000000080077d9       0x22 c:/st/stm32cubeide_1.10.1/stm32cubeide/plugins/com.st.stm32cube.ide.mcu.externaltools.gnu-tools-for-stm32.10.3-2021.10.win32_1.0.0.202111181127/tools/bin/../lib/gcc/arm-none-eabi/10.3.1/../../../../arm-none-eabi/lib/thumb/v7-m/nofp\libc_nano.a(lib_a-nano-vfprintf_i.o)
                0x00000000080077fc                . = ALIGN (0x4)
 *fill*         0x00000000080077fb        0x1 

.rel.dyn        0x00000000080077fc        0x0
 .rel.iplt      0x00000000080077fc        0x0 c:/st/stm32cubeide_1.10.1/stm32cubeide/plugins/com.st.stm32cube.ide.mcu.externaltools.gnu-tools-for-stm32.10.3-2021.10.win32_1.0.0.202111181127/tools/bin/../lib/gcc/arm-none-eabi/10.3.1/thumb/v7-m/nofp/crtbegin.o

.ARM.extab      0x00000000080077fc        0x0
                0x00000000080077fc                . = ALIGN (0x4)
 *(.ARM.extab* .gnu.linkonce.armextab.*)
                0x00000000080077fc                . = ALIGN (0x4)

.ARM            0x00000000080077fc        0x0
                0x00000000080077fc                . = ALIGN (0x4)
                0x00000000080077fc                __exidx_start = .
 *(.ARM.exidx*)
                0x00000000080077fc                __exidx_end = .
                0x00000000080077fc                . = ALIGN (0x4)

.preinit_array  0x00000000080077fc        0x0
                0x00000000080077fc                . = ALIGN (0x4)
                0x00000000080077fc                PROVIDE (__preinit_array_start = .)
 *(.preinit_array*)
                0x00000000080077fc                PROVIDE (__preinit_array_end = .)
                0x00000000080077fc                . = ALIGN (0x4)

.init_array     0x00000000080077fc        0x4
                0x00000000080077fc                . = ALIGN (0x4)
                0x00000000080077fc                PROVIDE (__init_array_start = .)
 *(SORT_BY_NAME(.init_array.*))
 *(.init_array*)
 .init_array    0x00000000080077fc        0x4 c:/st/stm32cubeide_1.10.1/stm32cubeide/plugins/com.st.stm32cube.ide.mcu.externaltools.gnu-tools-for-stm32.10.3-2021.10.win32_1.0.0.202111181127/tools/bin/../lib/gcc/arm-none-eabi/10.3.1/thumb/v7-m/nofp/crtbegin.o
                0x0000000008007800                PROVIDE (__init_array_end = .)
                0x0000000008007800                . = ALIGN (0x4)

.fini_array     0x0000000008007800        0x4
                0x0000000008007800                . = ALIGN (0x4)
                [!provide]                        PROVIDE (__fini_array_start = .)
 *(SORT_BY_NAME(.fini_array.*))
 *(.fini_array*)
 .fini_array    0x0000000008007800        0x4 c:/st/stm32cubeide_1.10.1/stm32cubeide/plugins/com.st.stm32cube.ide.mcu.externaltools.gnu-tools-for-stm32.10.3-2021.10.win32_1.0.0.202111181127/tools/bin/../lib/gcc/arm-none-eabi/10.3.1/thumb/v7-m/nofp/crtbegin.o
                [!provide]                        PROVIDE (__fini_array_end = .)
                0x0000000008007804                . = ALIGN (0x4)
                0x0000000008007804                _sidata = LOADADDR (.data)

.data           0x0000000020000000       0xf0 load address 0x0000000008007804
                0x0000000020000000                . = ALIGN (0x4)
                0x0000000020000000                _sdata = .
 *(.data)
 *(.data*)
 .data.seed     0x0000000020000000       0x80 ./Core/Src/randombytes.o
 .data.SystemCoreClock
                0x0000000020000080        0x4 ./Core/Src/system_stm32f1xx.o
                0x0000000020000080                SystemCoreClock
 .data.uwTickPrio
                0x0000000020000084        0x4 ./Drivers/STM32F1xx_HAL_Driver/Src/stm32f1xx_hal.o
                0x0000000020000084                uwTickPrio
 .data.uwTickFreq
                0x0000000020000088        0x1 ./Drivers/STM32F1xx_HAL_Driver/Src/stm32f1xx_hal.o
                0x0000000020000088                uwTickFreq
 *fill*         0x0000000020000089        0x3 
 .data._impure_ptr
                0x000000002000008c        0x4 c:/st/stm32cubeide_1.10.1/stm32cubeide/plugins/com.st.stm32cube.ide.mcu.externaltools.gnu-tools-for-stm32.10.3-2021.10.win32_1.0.0.202111181127/tools/bin/../lib/gcc/arm-none-eabi/10.3.1/../../../../arm-none-eabi/lib/thumb/v7-m/nofp\libc_nano.a(lib_a-impure.o)
                0x000000002000008c                _impure_ptr
 .data.impure_data
                0x0000000020000090       0x60 c:/st/stm32cubeide_1.10.1/stm32cubeide/plugins/com.st.stm32cube.ide.mcu.externaltools.gnu-tools-for-stm32.10.3-2021.10.win32_1.0.0.202111181127/tools/bin/../lib/gcc/arm-none-eabi/10.3.1/../../../../arm-none-eabi/lib/thumb/v7-m/nofp\libc_nano.a(lib_a-impure.o)
 *(.RamFunc)
 *(.RamFunc*)
                0x00000000200000f0                . = ALIGN (0x4)
                0x00000000200000f0                _edata = .

.igot.plt       0x00000000200000f0        0x0 load address 0x00000000080078f4
 .igot.plt      0x00000000200000f0        0x0 c:/st/stm32cubeide_1.10.1/stm32cubeide/plugins/com.st.stm32cube.ide.mcu.externaltools.gnu-tools-for-stm32.10.3-2021.10.win32_1.0.0.202111181127/tools/bin/../lib/gcc/arm-none-eabi/10.3.1/thumb/v7-m/nofp/crtbegin.o
                0x00000000200000f0                . = ALIGN (0x4)

.bss            0x00000000200000f0      0x118 load address 0x00000000080078f4
                0x00000000200000f0                _sbss = .
                0x00000000200000f0                __bss_start__ = _sbss
 *(.bss)
 .bss           0x00000000200000f0       0x1c c:/st/stm32cubeide_1.10.1/stm32cubeide/plugins/com.st.stm32cube.ide.mcu.externaltools.gnu-tools-for-stm32.10.3-2021.10.win32_1.0.0.202111181127/tools/bin/../lib/gcc/arm-none-eabi/10.3.1/thumb/v7-m/nofp/crtbegin.o
 *(.bss*)
 .bss.buff      0x000000002000010c       0x40 ./Core/Src/main.o
                0x000000002000010c                buff
 .bss.mm        0x000000002000014c        0x1 ./Core/Src/main.o
                0x000000002000014c                mm
 .bss.ss        0x000000002000014d        0x1 ./Core/Src/main.o
                0x000000002000014d                ss
 .bss.ss01      0x000000002000014e        0x1 ./Core/Src/main.o
                0x000000002000014e                ss01
 *fill*         0x000000002000014f        0x1 
 .bss.t0        0x0000000020000150        0x4 ./Core/Src/main.o
                0x0000000020000150                t0
 .bss.t1        0x0000000020000154        0x4 ./Core/Src/main.o
                0x0000000020000154                t1
 .bss.in        0x0000000020000158       0x30 ./Core/Src/randombytes.o
 .bss.out       0x0000000020000188       0x20 ./Core/Src/randombytes.o
 .bss.outleft   0x00000000200001a8        0x4 ./Core/Src/randombytes.o
 .bss.__sbrk_heap_end
                0x00000000200001ac        0x4 ./Core/Src/sysmem.o
 .bss.huart1    0x00000000200001b0       0x44 ./Core/Src/usart.o
                0x00000000200001b0                huart1
 .bss.uwTick    0x00000000200001f4        0x4 ./Drivers/STM32F1xx_HAL_Driver/Src/stm32f1xx_hal.o
                0x00000000200001f4                uwTick
 .bss.__lock___malloc_recursive_mutex
                0x00000000200001f8        0x1 c:/st/stm32cubeide_1.10.1/stm32cubeide/plugins/com.st.stm32cube.ide.mcu.externaltools.gnu-tools-for-stm32.10.3-2021.10.win32_1.0.0.202111181127/tools/bin/../lib/gcc/arm-none-eabi/10.3.1/../../../../arm-none-eabi/lib/thumb/v7-m/nofp\libc_nano.a(lib_a-lock.o)
                0x00000000200001f8                __lock___malloc_recursive_mutex
 *fill*         0x00000000200001f9        0x3 
 .bss.__malloc_free_list
                0x00000000200001fc        0x4 c:/st/stm32cubeide_1.10.1/stm32cubeide/plugins/com.st.stm32cube.ide.mcu.externaltools.gnu-tools-for-stm32.10.3-2021.10.win32_1.0.0.202111181127/tools/bin/../lib/gcc/arm-none-eabi/10.3.1/../../../../arm-none-eabi/lib/thumb/v7-m/nofp\libc_nano.a(lib_a-nano-mallocr.o)
                0x00000000200001fc                __malloc_free_list
 .bss.__malloc_sbrk_start
                0x0000000020000200        0x4 c:/st/stm32cubeide_1.10.1/stm32cubeide/plugins/com.st.stm32cube.ide.mcu.externaltools.gnu-tools-for-stm32.10.3-2021.10.win32_1.0.0.202111181127/tools/bin/../lib/gcc/arm-none-eabi/10.3.1/../../../../arm-none-eabi/lib/thumb/v7-m/nofp\libc_nano.a(lib_a-nano-mallocr.o)
                0x0000000020000200                __malloc_sbrk_start
 .bss.errno     0x0000000020000204        0x4 c:/st/stm32cubeide_1.10.1/stm32cubeide/plugins/com.st.stm32cube.ide.mcu.externaltools.gnu-tools-for-stm32.10.3-2021.10.win32_1.0.0.202111181127/tools/bin/../lib/gcc/arm-none-eabi/10.3.1/../../../../arm-none-eabi/lib/thumb/v7-m/nofp\libc_nano.a(lib_a-reent.o)
                0x0000000020000204                errno
 *(COMMON)
                0x0000000020000208                . = ALIGN (0x4)
                0x0000000020000208                _ebss = .
                0x0000000020000208                __bss_end__ = _ebss

._user_heap_stack
                0x0000000020000208      0x600 load address 0x00000000080078f4
                0x0000000020000208                . = ALIGN (0x8)
                [!provide]                        PROVIDE (end = .)
                0x0000000020000208                PROVIDE (_end = .)
                0x0000000020000408                . = (. + _Min_Heap_Size)
 *fill*         0x0000000020000208      0x200 
                0x0000000020000808                . = (. + _Min_Stack_Size)
 *fill*         0x0000000020000408      0x400 
                0x0000000020000808                . = ALIGN (0x8)

/DISCARD/
 libc.a(*)
 libm.a(*)
 libgcc.a(*)

.ARM.attributes
                0x0000000000000000       0x2d
 *(.ARM.attributes)
 .ARM.attributes
                0x0000000000000000       0x1d c:/st/stm32cubeide_1.10.1/stm32cubeide/plugins/com.st.stm32cube.ide.mcu.externaltools.gnu-tools-for-stm32.10.3-2021.10.win32_1.0.0.202111181127/tools/bin/../lib/gcc/arm-none-eabi/10.3.1/thumb/v7-m/nofp/crti.o
 .ARM.attributes
                0x000000000000001d       0x2d c:/st/stm32cubeide_1.10.1/stm32cubeide/plugins/com.st.stm32cube.ide.mcu.externaltools.gnu-tools-for-stm32.10.3-2021.10.win32_1.0.0.202111181127/tools/bin/../lib/gcc/arm-none-eabi/10.3.1/thumb/v7-m/nofp/crtbegin.o
 .ARM.attributes
                0x000000000000004a       0x2d ./Core/Src/XMF_OLED_STM32Cube.o
 .ARM.attributes
                0x0000000000000077       0x2d ./Core/Src/cbd.o
 .ARM.attributes
                0x00000000000000a4       0x2d ./Core/Src/fips202.o
 .ARM.attributes
                0x00000000000000d1       0x2d ./Core/Src/gpio.o
 .ARM.attributes
                0x00000000000000fe       0x2d ./Core/Src/indcpa.o
 .ARM.attributes
                0x000000000000012b       0x2d ./Core/Src/kem.o
 .ARM.attributes
                0x0000000000000158       0x2d ./Core/Src/main.o
 .ARM.attributes
                0x0000000000000185       0x2d ./Core/Src/ntt.o
 .ARM.attributes
                0x00000000000001b2       0x2d ./Core/Src/poly.o
 .ARM.attributes
                0x00000000000001df       0x2d ./Core/Src/polyvec.o
 .ARM.attributes
                0x000000000000020c       0x2d ./Core/Src/randombytes.o
 .ARM.attributes
                0x0000000000000239       0x2d ./Core/Src/reduce.o
 .ARM.attributes
                0x0000000000000266       0x2d ./Core/Src/stm32f1xx_hal_msp.o
 .ARM.attributes
                0x0000000000000293       0x2d ./Core/Src/stm32f1xx_it.o
 .ARM.attributes
                0x00000000000002c0       0x2d ./Core/Src/symmetric-shake.o
 .ARM.attributes
                0x00000000000002ed       0x2d ./Core/Src/sysmem.o
 .ARM.attributes
                0x000000000000031a       0x2d ./Core/Src/system_stm32f1xx.o
 .ARM.attributes
                0x0000000000000347       0x2d ./Core/Src/usart.o
 .ARM.attributes
                0x0000000000000374       0x21 ./Core/Startup/startup_stm32f103c8tx.o
 .ARM.attributes
                0x0000000000000395       0x2d ./Drivers/STM32F1xx_HAL_Driver/Src/stm32f1xx_hal.o
 .ARM.attributes
                0x00000000000003c2       0x2d ./Drivers/STM32F1xx_HAL_Driver/Src/stm32f1xx_hal_cortex.o
 .ARM.attributes
                0x00000000000003ef       0x2d ./Drivers/STM32F1xx_HAL_Driver/Src/stm32f1xx_hal_dma.o
 .ARM.attributes
                0x000000000000041c       0x2d ./Drivers/STM32F1xx_HAL_Driver/Src/stm32f1xx_hal_gpio.o
 .ARM.attributes
                0x0000000000000449       0x2d ./Drivers/STM32F1xx_HAL_Driver/Src/stm32f1xx_hal_rcc.o
 .ARM.attributes
                0x0000000000000476       0x2d ./Drivers/STM32F1xx_HAL_Driver/Src/stm32f1xx_hal_uart.o
 .ARM.attributes
                0x00000000000004a3       0x2d c:/st/stm32cubeide_1.10.1/stm32cubeide/plugins/com.st.stm32cube.ide.mcu.externaltools.gnu-tools-for-stm32.10.3-2021.10.win32_1.0.0.202111181127/tools/bin/../lib/gcc/arm-none-eabi/10.3.1/../../../../arm-none-eabi/lib/thumb/v7-m/nofp\libc_nano.a(lib_a-errno.o)
 .ARM.attributes
                0x00000000000004d0       0x2d c:/st/stm32cubeide_1.10.1/stm32cubeide/plugins/com.st.stm32cube.ide.mcu.externaltools.gnu-tools-for-stm32.10.3-2021.10.win32_1.0.0.202111181127/tools/bin/../lib/gcc/arm-none-eabi/10.3.1/../../../../arm-none-eabi/lib/thumb/v7-m/nofp\libc_nano.a(lib_a-findfp.o)
 .ARM.attributes
                0x00000000000004fd       0x2d c:/st/stm32cubeide_1.10.1/stm32cubeide/plugins/com.st.stm32cube.ide.mcu.externaltools.gnu-tools-for-stm32.10.3-2021.10.win32_1.0.0.202111181127/tools/bin/../lib/gcc/arm-none-eabi/10.3.1/../../../../arm-none-eabi/lib/thumb/v7-m/nofp\libc_nano.a(lib_a-impure.o)
 .ARM.attributes
                0x000000000000052a       0x2d c:/st/stm32cubeide_1.10.1/stm32cubeide/plugins/com.st.stm32cube.ide.mcu.externaltools.gnu-tools-for-stm32.10.3-2021.10.win32_1.0.0.202111181127/tools/bin/../lib/gcc/arm-none-eabi/10.3.1/../../../../arm-none-eabi/lib/thumb/v7-m/nofp\libc_nano.a(lib_a-init.o)
 .ARM.attributes
                0x0000000000000557       0x2d c:/st/stm32cubeide_1.10.1/stm32cubeide/plugins/com.st.stm32cube.ide.mcu.externaltools.gnu-tools-for-stm32.10.3-2021.10.win32_1.0.0.202111181127/tools/bin/../lib/gcc/arm-none-eabi/10.3.1/../../../../arm-none-eabi/lib/thumb/v7-m/nofp\libc_nano.a(lib_a-lock.o)
 .ARM.attributes
                0x0000000000000584       0x2d c:/st/stm32cubeide_1.10.1/stm32cubeide/plugins/com.st.stm32cube.ide.mcu.externaltools.gnu-tools-for-stm32.10.3-2021.10.win32_1.0.0.202111181127/tools/bin/../lib/gcc/arm-none-eabi/10.3.1/../../../../arm-none-eabi/lib/thumb/v7-m/nofp\libc_nano.a(lib_a-memchr-stub.o)
 .ARM.attributes
                0x00000000000005b1       0x2d c:/st/stm32cubeide_1.10.1/stm32cubeide/plugins/com.st.stm32cube.ide.mcu.externaltools.gnu-tools-for-stm32.10.3-2021.10.win32_1.0.0.202111181127/tools/bin/../lib/gcc/arm-none-eabi/10.3.1/../../../../arm-none-eabi/lib/thumb/v7-m/nofp\libc_nano.a(lib_a-memcpy-stub.o)
 .ARM.attributes
                0x00000000000005de       0x2d c:/st/stm32cubeide_1.10.1/stm32cubeide/plugins/com.st.stm32cube.ide.mcu.externaltools.gnu-tools-for-stm32.10.3-2021.10.win32_1.0.0.202111181127/tools/bin/../lib/gcc/arm-none-eabi/10.3.1/../../../../arm-none-eabi/lib/thumb/v7-m/nofp\libc_nano.a(lib_a-memset.o)
 .ARM.attributes
                0x000000000000060b       0x2d c:/st/stm32cubeide_1.10.1/stm32cubeide/plugins/com.st.stm32cube.ide.mcu.externaltools.gnu-tools-for-stm32.10.3-2021.10.win32_1.0.0.202111181127/tools/bin/../lib/gcc/arm-none-eabi/10.3.1/../../../../arm-none-eabi/lib/thumb/v7-m/nofp\libc_nano.a(lib_a-nano-freer.o)
 .ARM.attributes
                0x0000000000000638       0x2d c:/st/stm32cubeide_1.10.1/stm32cubeide/plugins/com.st.stm32cube.ide.mcu.externaltools.gnu-tools-for-stm32.10.3-2021.10.win32_1.0.0.202111181127/tools/bin/../lib/gcc/arm-none-eabi/10.3.1/../../../../arm-none-eabi/lib/thumb/v7-m/nofp\libc_nano.a(lib_a-nano-mallocr.o)
 .ARM.attributes
                0x0000000000000665       0x2d c:/st/stm32cubeide_1.10.1/stm32cubeide/plugins/com.st.stm32cube.ide.mcu.externaltools.gnu-tools-for-stm32.10.3-2021.10.win32_1.0.0.202111181127/tools/bin/../lib/gcc/arm-none-eabi/10.3.1/../../../../arm-none-eabi/lib/thumb/v7-m/nofp\libc_nano.a(lib_a-reent.o)
 .ARM.attributes
                0x0000000000000692       0x2d c:/st/stm32cubeide_1.10.1/stm32cubeide/plugins/com.st.stm32cube.ide.mcu.externaltools.gnu-tools-for-stm32.10.3-2021.10.win32_1.0.0.202111181127/tools/bin/../lib/gcc/arm-none-eabi/10.3.1/../../../../arm-none-eabi/lib/thumb/v7-m/nofp\libc_nano.a(lib_a-sbrkr.o)
 .ARM.attributes
                0x00000000000006bf       0x2d c:/st/stm32cubeide_1.10.1/stm32cubeide/plugins/com.st.stm32cube.ide.mcu.externaltools.gnu-tools-for-stm32.10.3-2021.10.win32_1.0.0.202111181127/tools/bin/../lib/gcc/arm-none-eabi/10.3.1/../../../../arm-none-eabi/lib/thumb/v7-m/nofp\libc_nano.a(lib_a-sprintf.o)
 .ARM.attributes
                0x00000000000006ec       0x2d c:/st/stm32cubeide_1.10.1/stm32cubeide/plugins/com.st.stm32cube.ide.mcu.externaltools.gnu-tools-for-stm32.10.3-2021.10.win32_1.0.0.202111181127/tools/bin/../lib/gcc/arm-none-eabi/10.3.1/../../../../arm-none-eabi/lib/thumb/v7-m/nofp\libc_nano.a(lib_a-mlock.o)
 .ARM.attributes
                0x0000000000000719       0x2d c:/st/stm32cubeide_1.10.1/stm32cubeide/plugins/com.st.stm32cube.ide.mcu.externaltools.gnu-tools-for-stm32.10.3-2021.10.win32_1.0.0.202111181127/tools/bin/../lib/gcc/arm-none-eabi/10.3.1/../../../../arm-none-eabi/lib/thumb/v7-m/nofp\libc_nano.a(lib_a-nano-svfprintf.o)
 .ARM.attributes
                0x0000000000000746       0x2d c:/st/stm32cubeide_1.10.1/stm32cubeide/plugins/com.st.stm32cube.ide.mcu.externaltools.gnu-tools-for-stm32.10.3-2021.10.win32_1.0.0.202111181127/tools/bin/../lib/gcc/arm-none-eabi/10.3.1/../../../../arm-none-eabi/lib/thumb/v7-m/nofp\libc_nano.a(lib_a-nano-vfprintf_i.o)
 .ARM.attributes
                0x0000000000000773       0x2d c:/st/stm32cubeide_1.10.1/stm32cubeide/plugins/com.st.stm32cube.ide.mcu.externaltools.gnu-tools-for-stm32.10.3-2021.10.win32_1.0.0.202111181127/tools/bin/../lib/gcc/arm-none-eabi/10.3.1/../../../../arm-none-eabi/lib/thumb/v7-m/nofp\libc_nano.a(lib_a-memmove.o)
 .ARM.attributes
                0x00000000000007a0       0x2d c:/st/stm32cubeide_1.10.1/stm32cubeide/plugins/com.st.stm32cube.ide.mcu.externaltools.gnu-tools-for-stm32.10.3-2021.10.win32_1.0.0.202111181127/tools/bin/../lib/gcc/arm-none-eabi/10.3.1/../../../../arm-none-eabi/lib/thumb/v7-m/nofp\libc_nano.a(lib_a-nano-reallocr.o)
 .ARM.attributes
                0x00000000000007cd       0x2d c:/st/stm32cubeide_1.10.1/stm32cubeide/plugins/com.st.stm32cube.ide.mcu.externaltools.gnu-tools-for-stm32.10.3-2021.10.win32_1.0.0.202111181127/tools/bin/../lib/gcc/arm-none-eabi/10.3.1/../../../../arm-none-eabi/lib/thumb/v7-m/nofp\libc_nano.a(lib_a-nano-msizer.o)
 .ARM.attributes
                0x00000000000007fa       0x1d c:/st/stm32cubeide_1.10.1/stm32cubeide/plugins/com.st.stm32cube.ide.mcu.externaltools.gnu-tools-for-stm32.10.3-2021.10.win32_1.0.0.202111181127/tools/bin/../lib/gcc/arm-none-eabi/10.3.1/thumb/v7-m/nofp/crtn.o
OUTPUT(t2.elf elf32-littlearm)
LOAD linker stubs
LOAD c:/st/stm32cubeide_1.10.1/stm32cubeide/plugins/com.st.stm32cube.ide.mcu.externaltools.gnu-tools-for-stm32.10.3-2021.10.win32_1.0.0.202111181127/tools/bin/../lib/gcc/arm-none-eabi/10.3.1/../../../../arm-none-eabi/lib/thumb/v7-m/nofp\libc.a
LOAD c:/st/stm32cubeide_1.10.1/stm32cubeide/plugins/com.st.stm32cube.ide.mcu.externaltools.gnu-tools-for-stm32.10.3-2021.10.win32_1.0.0.202111181127/tools/bin/../lib/gcc/arm-none-eabi/10.3.1/../../../../arm-none-eabi/lib/thumb/v7-m/nofp\libm.a
LOAD c:/st/stm32cubeide_1.10.1/stm32cubeide/plugins/com.st.stm32cube.ide.mcu.externaltools.gnu-tools-for-stm32.10.3-2021.10.win32_1.0.0.202111181127/tools/bin/../lib/gcc/arm-none-eabi/10.3.1/thumb/v7-m/nofp\libgcc.a

.debug_info     0x0000000000000000     0xa77d
 .debug_info    0x0000000000000000      0x69e ./Core/Src/XMF_OLED_STM32Cube.o
 .debug_info    0x000000000000069e      0x2cb ./Core/Src/cbd.o
 .debug_info    0x0000000000000969      0xc84 ./Core/Src/fips202.o
 .debug_info    0x00000000000015ed      0x30b ./Core/Src/gpio.o
 .debug_info    0x00000000000018f8      0x928 ./Core/Src/indcpa.o
 .debug_info    0x0000000000002220      0x31a ./Core/Src/kem.o
 .debug_info    0x000000000000253a     0x1a73 ./Core/Src/main.o
 .debug_info    0x0000000000003fad      0x287 ./Core/Src/ntt.o
 .debug_info    0x0000000000004234      0x6a2 ./Core/Src/poly.o
 .debug_info    0x00000000000048d6      0x493 ./Core/Src/polyvec.o
 .debug_info    0x0000000000004d69      0x1d0 ./Core/Src/randombytes.o
 .debug_info    0x0000000000004f39      0x118 ./Core/Src/reduce.o
 .debug_info    0x0000000000005051      0x393 ./Core/Src/stm32f1xx_hal_msp.o
 .debug_info    0x00000000000053e4      0x620 ./Core/Src/stm32f1xx_it.o
 .debug_info    0x0000000000005a04      0x251 ./Core/Src/symmetric-shake.o
 .debug_info    0x0000000000005c55      0x171 ./Core/Src/sysmem.o
 .debug_info    0x0000000000005dc6      0x23d ./Core/Src/system_stm32f1xx.o
 .debug_info    0x0000000000006003      0x978 ./Core/Src/usart.o
 .debug_info    0x000000000000697b       0x22 ./Core/Startup/startup_stm32f103c8tx.o
 .debug_info    0x000000000000699d      0x734 ./Drivers/STM32F1xx_HAL_Driver/Src/stm32f1xx_hal.o
 .debug_info    0x00000000000070d1      0xb20 ./Drivers/STM32F1xx_HAL_Driver/Src/stm32f1xx_hal_cortex.o
 .debug_info    0x0000000000007bf1      0x73f ./Drivers/STM32F1xx_HAL_Driver/Src/stm32f1xx_hal_dma.o
 .debug_info    0x0000000000008330      0x615 ./Drivers/STM32F1xx_HAL_Driver/Src/stm32f1xx_hal_gpio.o
 .debug_info    0x0000000000008945      0x860 ./Drivers/STM32F1xx_HAL_Driver/Src/stm32f1xx_hal_rcc.o
 .debug_info    0x00000000000091a5     0x15d8 ./Drivers/STM32F1xx_HAL_Driver/Src/stm32f1xx_hal_uart.o

.debug_abbrev   0x0000000000000000     0x26d7
 .debug_abbrev  0x0000000000000000      0x1f8 ./Core/Src/XMF_OLED_STM32Cube.o
 .debug_abbrev  0x00000000000001f8      0x10c ./Core/Src/cbd.o
 .debug_abbrev  0x0000000000000304      0x1a6 ./Core/Src/fips202.o
 .debug_abbrev  0x00000000000004aa      0x134 ./Core/Src/gpio.o
 .debug_abbrev  0x00000000000005de      0x1d1 ./Core/Src/indcpa.o
 .debug_abbrev  0x00000000000007af      0x107 ./Core/Src/kem.o
 .debug_abbrev  0x00000000000008b6      0x39f ./Core/Src/main.o
 .debug_abbrev  0x0000000000000c55      0x118 ./Core/Src/ntt.o
 .debug_abbrev  0x0000000000000d6d      0x1a1 ./Core/Src/poly.o
 .debug_abbrev  0x0000000000000f0e      0x11f ./Core/Src/polyvec.o
 .debug_abbrev  0x000000000000102d       0xcf ./Core/Src/randombytes.o
 .debug_abbrev  0x00000000000010fc       0x9f ./Core/Src/reduce.o
 .debug_abbrev  0x000000000000119b      0x115 ./Core/Src/stm32f1xx_hal_msp.o
 .debug_abbrev  0x00000000000012b0      0x15f ./Core/Src/stm32f1xx_it.o
 .debug_abbrev  0x000000000000140f      0x113 ./Core/Src/symmetric-shake.o
 .debug_abbrev  0x0000000000001522       0xbb ./Core/Src/sysmem.o
 .debug_abbrev  0x00000000000015dd      0x13b ./Core/Src/system_stm32f1xx.o
 .debug_abbrev  0x0000000000001718      0x1ec ./Core/Src/usart.o
 .debug_abbrev  0x0000000000001904       0x12 ./Core/Startup/startup_stm32f103c8tx.o
 .debug_abbrev  0x0000000000001916      0x1fb ./Drivers/STM32F1xx_HAL_Driver/Src/stm32f1xx_hal.o
 .debug_abbrev  0x0000000000001b11      0x2ed ./Drivers/STM32F1xx_HAL_Driver/Src/stm32f1xx_hal_cortex.o
 .debug_abbrev  0x0000000000001dfe      0x1fe ./Drivers/STM32F1xx_HAL_Driver/Src/stm32f1xx_hal_dma.o
 .debug_abbrev  0x0000000000001ffc      0x1bb ./Drivers/STM32F1xx_HAL_Driver/Src/stm32f1xx_hal_gpio.o
 .debug_abbrev  0x00000000000021b7      0x2a8 ./Drivers/STM32F1xx_HAL_Driver/Src/stm32f1xx_hal_rcc.o
 .debug_abbrev  0x000000000000245f      0x278 ./Drivers/STM32F1xx_HAL_Driver/Src/stm32f1xx_hal_uart.o

.debug_aranges  0x0000000000000000      0xb08
 .debug_aranges
                0x0000000000000000       0x78 ./Core/Src/XMF_OLED_STM32Cube.o
 .debug_aranges
                0x0000000000000078       0x48 ./Core/Src/cbd.o
 .debug_aranges
                0x00000000000000c0       0xe0 ./Core/Src/fips202.o
 .debug_aranges
                0x00000000000001a0       0x20 ./Core/Src/gpio.o
 .debug_aranges
                0x00000000000001c0       0x70 ./Core/Src/indcpa.o
 .debug_aranges
                0x0000000000000230       0x30 ./Core/Src/kem.o
 .debug_aranges
                0x0000000000000260       0x90 ./Core/Src/main.o
 .debug_aranges
                0x00000000000002f0       0x38 ./Core/Src/ntt.o
 .debug_aranges
                0x0000000000000328       0x90 ./Core/Src/poly.o
 .debug_aranges
                0x00000000000003b8       0x60 ./Core/Src/polyvec.o
 .debug_aranges
                0x0000000000000418       0x28 ./Core/Src/randombytes.o
 .debug_aranges
                0x0000000000000440       0x28 ./Core/Src/reduce.o
 .debug_aranges
                0x0000000000000468       0x20 ./Core/Src/stm32f1xx_hal_msp.o
 .debug_aranges
                0x0000000000000488       0x70 ./Core/Src/stm32f1xx_it.o
 .debug_aranges
                0x00000000000004f8       0x28 ./Core/Src/symmetric-shake.o
 .debug_aranges
                0x0000000000000520       0x20 ./Core/Src/sysmem.o
 .debug_aranges
                0x0000000000000540       0x28 ./Core/Src/system_stm32f1xx.o
 .debug_aranges
                0x0000000000000568       0x30 ./Core/Src/usart.o
 .debug_aranges
                0x0000000000000598       0x28 ./Core/Startup/startup_stm32f103c8tx.o
 .debug_aranges
                0x00000000000005c0       0xe0 ./Drivers/STM32F1xx_HAL_Driver/Src/stm32f1xx_hal.o
 .debug_aranges
                0x00000000000006a0      0x100 ./Drivers/STM32F1xx_HAL_Driver/Src/stm32f1xx_hal_cortex.o
 .debug_aranges
                0x00000000000007a0       0x80 ./Drivers/STM32F1xx_HAL_Driver/Src/stm32f1xx_hal_dma.o
 .debug_aranges
                0x0000000000000820       0x58 ./Drivers/STM32F1xx_HAL_Driver/Src/stm32f1xx_hal_gpio.o
 .debug_aranges
                0x0000000000000878       0x90 ./Drivers/STM32F1xx_HAL_Driver/Src/stm32f1xx_hal_rcc.o
 .debug_aranges
                0x0000000000000908      0x200 ./Drivers/STM32F1xx_HAL_Driver/Src/stm32f1xx_hal_uart.o

.debug_ranges   0x0000000000000000      0x9b0
 .debug_ranges  0x0000000000000000       0x68 ./Core/Src/XMF_OLED_STM32Cube.o
 .debug_ranges  0x0000000000000068       0x38 ./Core/Src/cbd.o
 .debug_ranges  0x00000000000000a0       0xd0 ./Core/Src/fips202.o
 .debug_ranges  0x0000000000000170       0x10 ./Core/Src/gpio.o
 .debug_ranges  0x0000000000000180       0x60 ./Core/Src/indcpa.o
 .debug_ranges  0x00000000000001e0       0x20 ./Core/Src/kem.o
 .debug_ranges  0x0000000000000200       0x80 ./Core/Src/main.o
 .debug_ranges  0x0000000000000280       0x28 ./Core/Src/ntt.o
 .debug_ranges  0x00000000000002a8       0x80 ./Core/Src/poly.o
 .debug_ranges  0x0000000000000328       0x50 ./Core/Src/polyvec.o
 .debug_ranges  0x0000000000000378       0x18 ./Core/Src/randombytes.o
 .debug_ranges  0x0000000000000390       0x18 ./Core/Src/reduce.o
 .debug_ranges  0x00000000000003a8       0x10 ./Core/Src/stm32f1xx_hal_msp.o
 .debug_ranges  0x00000000000003b8       0x60 ./Core/Src/stm32f1xx_it.o
 .debug_ranges  0x0000000000000418       0x18 ./Core/Src/symmetric-shake.o
 .debug_ranges  0x0000000000000430       0x10 ./Core/Src/sysmem.o
 .debug_ranges  0x0000000000000440       0x18 ./Core/Src/system_stm32f1xx.o
 .debug_ranges  0x0000000000000458       0x20 ./Core/Src/usart.o
 .debug_ranges  0x0000000000000478       0x20 ./Core/Startup/startup_stm32f103c8tx.o
 .debug_ranges  0x0000000000000498       0xd0 ./Drivers/STM32F1xx_HAL_Driver/Src/stm32f1xx_hal.o
 .debug_ranges  0x0000000000000568       0xf0 ./Drivers/STM32F1xx_HAL_Driver/Src/stm32f1xx_hal_cortex.o
 .debug_ranges  0x0000000000000658       0x70 ./Drivers/STM32F1xx_HAL_Driver/Src/stm32f1xx_hal_dma.o
 .debug_ranges  0x00000000000006c8       0x48 ./Drivers/STM32F1xx_HAL_Driver/Src/stm32f1xx_hal_gpio.o
 .debug_ranges  0x0000000000000710       0x80 ./Drivers/STM32F1xx_HAL_Driver/Src/stm32f1xx_hal_rcc.o
 .debug_ranges  0x0000000000000790      0x220 ./Drivers/STM32F1xx_HAL_Driver/Src/stm32f1xx_hal_uart.o

.debug_macro    0x0000000000000000    0x19afc
 .debug_macro   0x0000000000000000      0x33e ./Core/Src/XMF_OLED_STM32Cube.o
 .debug_macro   0x000000000000033e      0xa6c ./Core/Src/XMF_OLED_STM32Cube.o
 .debug_macro   0x0000000000000daa       0x22 ./Core/Src/XMF_OLED_STM32Cube.o
 .debug_macro   0x0000000000000dcc       0x4c ./Core/Src/XMF_OLED_STM32Cube.o
 .debug_macro   0x0000000000000e18       0x18 ./Core/Src/XMF_OLED_STM32Cube.o
 .debug_macro   0x0000000000000e30       0x94 ./Core/Src/XMF_OLED_STM32Cube.o
 .debug_macro   0x0000000000000ec4       0x3c ./Core/Src/XMF_OLED_STM32Cube.o
 .debug_macro   0x0000000000000f00       0x34 ./Core/Src/XMF_OLED_STM32Cube.o
 .debug_macro   0x0000000000000f34       0x16 ./Core/Src/XMF_OLED_STM32Cube.o
 .debug_macro   0x0000000000000f4a       0x57 ./Core/Src/XMF_OLED_STM32Cube.o
 .debug_macro   0x0000000000000fa1       0x97 ./Core/Src/XMF_OLED_STM32Cube.o
 .debug_macro   0x0000000000001038      0x341 ./Core/Src/XMF_OLED_STM32Cube.o
 .debug_macro   0x0000000000001379       0xfd ./Core/Src/XMF_OLED_STM32Cube.o
 .debug_macro   0x0000000000001476       0x10 ./Core/Src/XMF_OLED_STM32Cube.o
 .debug_macro   0x0000000000001486       0x16 ./Core/Src/XMF_OLED_STM32Cube.o
 .debug_macro   0x000000000000149c       0x43 ./Core/Src/XMF_OLED_STM32Cube.o
 .debug_macro   0x00000000000014df       0x34 ./Core/Src/XMF_OLED_STM32Cube.o
 .debug_macro   0x0000000000001513       0x10 ./Core/Src/XMF_OLED_STM32Cube.o
 .debug_macro   0x0000000000001523       0x58 ./Core/Src/XMF_OLED_STM32Cube.o
 .debug_macro   0x000000000000157b       0x71 ./Core/Src/XMF_OLED_STM32Cube.o
 .debug_macro   0x00000000000015ec       0x1c ./Core/Src/XMF_OLED_STM32Cube.o
 .debug_macro   0x0000000000001608      0x12a ./Core/Src/XMF_OLED_STM32Cube.o
 .debug_macro   0x0000000000001732       0x10 ./Core/Src/XMF_OLED_STM32Cube.o
 .debug_macro   0x0000000000001742       0x6a ./Core/Src/XMF_OLED_STM32Cube.o
 .debug_macro   0x00000000000017ac       0x1c ./Core/Src/XMF_OLED_STM32Cube.o
 .debug_macro   0x00000000000017c8       0x52 ./Core/Src/XMF_OLED_STM32Cube.o
 .debug_macro   0x000000000000181a       0x22 ./Core/Src/XMF_OLED_STM32Cube.o
 .debug_macro   0x000000000000183c       0x10 ./Core/Src/XMF_OLED_STM32Cube.o
 .debug_macro   0x000000000000184c       0x52 ./Core/Src/XMF_OLED_STM32Cube.o
 .debug_macro   0x000000000000189e       0xd5 ./Core/Src/XMF_OLED_STM32Cube.o
 .debug_macro   0x0000000000001973       0x1c ./Core/Src/XMF_OLED_STM32Cube.o
 .debug_macro   0x000000000000198f       0x3d ./Core/Src/XMF_OLED_STM32Cube.o
 .debug_macro   0x00000000000019cc       0x16 ./Core/Src/XMF_OLED_STM32Cube.o
 .debug_macro   0x00000000000019e2      0x145 ./Core/Src/XMF_OLED_STM32Cube.o
 .debug_macro   0x0000000000001b27       0x16 ./Core/Src/XMF_OLED_STM32Cube.o
 .debug_macro   0x0000000000001b3d       0x35 ./Core/Src/XMF_OLED_STM32Cube.o
 .debug_macro   0x0000000000001b72       0x16 ./Core/Src/XMF_OLED_STM32Cube.o
 .debug_macro   0x0000000000001b88       0x29 ./Core/Src/XMF_OLED_STM32Cube.o
 .debug_macro   0x0000000000001bb1      0x215 ./Core/Src/XMF_OLED_STM32Cube.o
 .debug_macro   0x0000000000001dc6       0x2e ./Core/Src/XMF_OLED_STM32Cube.o
 .debug_macro   0x0000000000001df4       0x22 ./Core/Src/XMF_OLED_STM32Cube.o
 .debug_macro   0x0000000000001e16      0x103 ./Core/Src/XMF_OLED_STM32Cube.o
 .debug_macro   0x0000000000001f19      0x1df ./Core/Src/XMF_OLED_STM32Cube.o
 .debug_macro   0x00000000000020f8       0x1c ./Core/Src/XMF_OLED_STM32Cube.o
 .debug_macro   0x0000000000002114       0x22 ./Core/Src/XMF_OLED_STM32Cube.o
 .debug_macro   0x0000000000002136       0xbd ./Core/Src/XMF_OLED_STM32Cube.o
 .debug_macro   0x00000000000021f3      0xd23 ./Core/Src/XMF_OLED_STM32Cube.o
 .debug_macro   0x0000000000002f16     0xe09e ./Core/Src/XMF_OLED_STM32Cube.o
 .debug_macro   0x0000000000010fb4       0x6d ./Core/Src/XMF_OLED_STM32Cube.o
 .debug_macro   0x0000000000011021     0x3468 ./Core/Src/XMF_OLED_STM32Cube.o
 .debug_macro   0x0000000000014489       0x56 ./Core/Src/XMF_OLED_STM32Cube.o
 .debug_macro   0x00000000000144df      0x5be ./Core/Src/XMF_OLED_STM32Cube.o
 .debug_macro   0x0000000000014a9d      0x289 ./Core/Src/XMF_OLED_STM32Cube.o
 .debug_macro   0x0000000000014d26      0x1cb ./Core/Src/XMF_OLED_STM32Cube.o
 .debug_macro   0x0000000000014ef1      0x114 ./Core/Src/XMF_OLED_STM32Cube.o
 .debug_macro   0x0000000000015005      0x1b2 ./Core/Src/XMF_OLED_STM32Cube.o
 .debug_macro   0x00000000000151b7       0x27 ./Core/Src/XMF_OLED_STM32Cube.o
 .debug_macro   0x00000000000151de      0x136 ./Core/Src/XMF_OLED_STM32Cube.o
 .debug_macro   0x0000000000015314      0x1bc ./Core/Src/XMF_OLED_STM32Cube.o
 .debug_macro   0x00000000000154d0       0x34 ./Core/Src/XMF_OLED_STM32Cube.o
 .debug_macro   0x0000000000015504       0x3c ./Core/Src/XMF_OLED_STM32Cube.o
 .debug_macro   0x0000000000015540       0x57 ./Core/Src/XMF_OLED_STM32Cube.o
 .debug_macro   0x0000000000015597       0x88 ./Core/Src/XMF_OLED_STM32Cube.o
 .debug_macro   0x000000000001561f      0x241 ./Core/Src/XMF_OLED_STM32Cube.o
 .debug_macro   0x0000000000015860      0x141 ./Core/Src/XMF_OLED_STM32Cube.o
 .debug_macro   0x00000000000159a1      0x279 ./Core/Src/XMF_OLED_STM32Cube.o
 .debug_macro   0x0000000000015c1a       0x83 ./Core/Src/XMF_OLED_STM32Cube.o
 .debug_macro   0x0000000000015c9d       0xb2 ./Core/Src/XMF_OLED_STM32Cube.o
 .debug_macro   0x0000000000015d4f       0x84 ./Core/Src/cbd.o
 .debug_macro   0x0000000000015dd3       0x7c ./Core/Src/cbd.o
 .debug_macro   0x0000000000015e4f       0x64 ./Core/Src/cbd.o
 .debug_macro   0x0000000000015eb3       0x10 ./Core/Src/cbd.o
 .debug_macro   0x0000000000015ec3       0x8b ./Core/Src/fips202.o
 .debug_macro   0x0000000000015f4e       0x82 ./Core/Src/fips202.o
 .debug_macro   0x0000000000015fd0      0x1a2 ./Core/Src/gpio.o
 .debug_macro   0x0000000000016172       0x5c ./Core/Src/gpio.o
 .debug_macro   0x00000000000161ce      0x231 ./Core/Src/indcpa.o
 .debug_macro   0x00000000000163ff       0x3a ./Core/Src/indcpa.o
 .debug_macro   0x0000000000016439       0x1c ./Core/Src/indcpa.o
 .debug_macro   0x0000000000016455       0x22 ./Core/Src/indcpa.o
 .debug_macro   0x0000000000016477       0x3a ./Core/Src/indcpa.o
 .debug_macro   0x00000000000164b1       0xb8 ./Core/Src/indcpa.o
 .debug_macro   0x0000000000016569       0xec ./Core/Src/kem.o
 .debug_macro   0x0000000000016655       0x3a ./Core/Src/kem.o
 .debug_macro   0x000000000001668f       0x10 ./Core/Src/kem.o
 .debug_macro   0x000000000001669f      0x71f ./Core/Src/main.o
 .debug_macro   0x0000000000016dbe       0x16 ./Core/Src/main.o
 .debug_macro   0x0000000000016dd4       0x28 ./Core/Src/main.o
 .debug_macro   0x0000000000016dfc       0x28 ./Core/Src/main.o
 .debug_macro   0x0000000000016e24       0x10 ./Core/Src/main.o
 .debug_macro   0x0000000000016e34       0x10 ./Core/Src/main.o
 .debug_macro   0x0000000000016e44       0x10 ./Core/Src/main.o
 .debug_macro   0x0000000000016e54       0x1c ./Core/Src/main.o
 .debug_macro   0x0000000000016e70       0x10 ./Core/Src/main.o
 .debug_macro   0x0000000000016e80       0x1c ./Core/Src/main.o
 .debug_macro   0x0000000000016e9c       0x10 ./Core/Src/main.o
 .debug_macro   0x0000000000016eac       0x3a ./Core/Src/main.o
 .debug_macro   0x0000000000016ee6       0x16 ./Core/Src/main.o
 .debug_macro   0x0000000000016efc       0x28 ./Core/Src/main.o
 .debug_macro   0x0000000000016f24       0xf6 ./Core/Src/main.o
 .debug_macro   0x000000000001701a      0x110 ./Core/Src/main.o
 .debug_macro   0x000000000001712a       0x10 ./Core/Src/main.o
 .debug_macro   0x000000000001713a       0x2e ./Core/Src/main.o
 .debug_macro   0x0000000000017168       0x52 ./Core/Src/main.o
 .debug_macro   0x00000000000171ba       0x16 ./Core/Src/main.o
 .debug_macro   0x00000000000171d0       0x4c ./Core/Src/main.o
 .debug_macro   0x000000000001721c      0x2b0 ./Core/Src/main.o
 .debug_macro   0x00000000000174cc       0x4c ./Core/Src/main.o
 .debug_macro   0x0000000000017518       0x7c ./Core/Src/main.o
 .debug_macro   0x0000000000017594      0x151 ./Core/Src/main.o
 .debug_macro   0x00000000000176e5       0x10 ./Core/Src/main.o
 .debug_macro   0x00000000000176f5      0x460 ./Core/Src/main.o
 .debug_macro   0x0000000000017b55       0x10 ./Core/Src/main.o
 .debug_macro   0x0000000000017b65       0x2e ./Core/Src/main.o
 .debug_macro   0x0000000000017b93       0x22 ./Core/Src/main.o
 .debug_macro   0x0000000000017bb5       0x5e ./Core/Src/main.o
 .debug_macro   0x0000000000017c13       0x71 ./Core/Src/main.o
 .debug_macro   0x0000000000017c84       0xa6 ./Core/Src/main.o
 .debug_macro   0x0000000000017d2a       0xfa ./Core/Src/main.o
 .debug_macro   0x0000000000017e24       0x5e ./Core/Src/main.o
 .debug_macro   0x0000000000017e82      0x381 ./Core/Src/main.o
 .debug_macro   0x0000000000018203       0x7e ./Core/Src/ntt.o
 .debug_macro   0x0000000000018281       0x22 ./Core/Src/ntt.o
 .debug_macro   0x00000000000182a3       0xbb ./Core/Src/poly.o
 .debug_macro   0x000000000001835e       0x16 ./Core/Src/poly.o
 .debug_macro   0x0000000000018374       0x7e ./Core/Src/polyvec.o
 .debug_macro   0x00000000000183f2       0x40 ./Core/Src/polyvec.o
 .debug_macro   0x0000000000018432      0x152 ./Core/Src/randombytes.o
 .debug_macro   0x0000000000018584       0x75 ./Core/Src/reduce.o
 .debug_macro   0x00000000000185f9      0x198 ./Core/Src/stm32f1xx_hal_msp.o
 .debug_macro   0x0000000000018791      0x1a2 ./Core/Src/stm32f1xx_it.o
 .debug_macro   0x0000000000018933      0x169 ./Core/Src/symmetric-shake.o
 .debug_macro   0x0000000000018a9c       0xff ./Core/Src/sysmem.o
 .debug_macro   0x0000000000018b9b      0x23b ./Core/Src/sysmem.o
 .debug_macro   0x0000000000018dd6      0x18e ./Core/Src/system_stm32f1xx.o
 .debug_macro   0x0000000000018f64      0x1a2 ./Core/Src/usart.o
 .debug_macro   0x0000000000019106      0x1b2 ./Drivers/STM32F1xx_HAL_Driver/Src/stm32f1xx_hal.o
 .debug_macro   0x00000000000192b8      0x18e ./Drivers/STM32F1xx_HAL_Driver/Src/stm32f1xx_hal_cortex.o
 .debug_macro   0x0000000000019446      0x18e ./Drivers/STM32F1xx_HAL_Driver/Src/stm32f1xx_hal_dma.o
 .debug_macro   0x00000000000195d4      0x1f9 ./Drivers/STM32F1xx_HAL_Driver/Src/stm32f1xx_hal_gpio.o
 .debug_macro   0x00000000000197cd      0x1a0 ./Drivers/STM32F1xx_HAL_Driver/Src/stm32f1xx_hal_rcc.o
 .debug_macro   0x000000000001996d      0x18f ./Drivers/STM32F1xx_HAL_Driver/Src/stm32f1xx_hal_uart.o

.debug_line     0x0000000000000000     0xe7d5
 .debug_line    0x0000000000000000      0xc18 ./Core/Src/XMF_OLED_STM32Cube.o
 .debug_line    0x0000000000000c18      0x58c ./Core/Src/cbd.o
 .debug_line    0x00000000000011a4     0x1274 ./Core/Src/fips202.o
 .debug_line    0x0000000000002418      0x650 ./Core/Src/gpio.o
 .debug_line    0x0000000000002a68      0x9fb ./Core/Src/indcpa.o
 .debug_line    0x0000000000003463      0x4ab ./Core/Src/kem.o
 .debug_line    0x000000000000390e     0x1572 ./Core/Src/main.o
 .debug_line    0x0000000000004e80      0x5fc ./Core/Src/ntt.o
 .debug_line    0x000000000000547c      0xa8d ./Core/Src/poly.o
 .debug_line    0x0000000000005f09      0x76b ./Core/Src/polyvec.o
 .debug_line    0x0000000000006674      0x6a9 ./Core/Src/randombytes.o
 .debug_line    0x0000000000006d1d      0x3dc ./Core/Src/reduce.o
 .debug_line    0x00000000000070f9      0x643 ./Core/Src/stm32f1xx_hal_msp.o
 .debug_line    0x000000000000773c      0x72e ./Core/Src/stm32f1xx_it.o
 .debug_line    0x0000000000007e6a      0x53e ./Core/Src/symmetric-shake.o
 .debug_line    0x00000000000083a8      0x4ea ./Core/Src/sysmem.o
 .debug_line    0x0000000000008892      0x6bf ./Core/Src/system_stm32f1xx.o
 .debug_line    0x0000000000008f51      0x6b3 ./Core/Src/usart.o
 .debug_line    0x0000000000009604       0x87 ./Core/Startup/startup_stm32f103c8tx.o
 .debug_line    0x000000000000968b      0x8ec ./Drivers/STM32F1xx_HAL_Driver/Src/stm32f1xx_hal.o
 .debug_line    0x0000000000009f77      0xad4 ./Drivers/STM32F1xx_HAL_Driver/Src/stm32f1xx_hal_cortex.o
 .debug_line    0x000000000000aa4b      0xd46 ./Drivers/STM32F1xx_HAL_Driver/Src/stm32f1xx_hal_dma.o
 .debug_line    0x000000000000b791      0x983 ./Drivers/STM32F1xx_HAL_Driver/Src/stm32f1xx_hal_gpio.o
 .debug_line    0x000000000000c114      0xcfa ./Drivers/STM32F1xx_HAL_Driver/Src/stm32f1xx_hal_rcc.o
 .debug_line    0x000000000000ce0e     0x19c7 ./Drivers/STM32F1xx_HAL_Driver/Src/stm32f1xx_hal_uart.o

.debug_str      0x0000000000000000    0x8c300
 .debug_str     0x0000000000000000    0x80683 ./Core/Src/XMF_OLED_STM32Cube.o
                                      0x809df (size before relaxing)
 .debug_str     0x0000000000080683      0x696 ./Core/Src/cbd.o
                                       0x4258 (size before relaxing)
 .debug_str     0x0000000000080d19      0x7aa ./Core/Src/fips202.o
                                       0x4688 (size before relaxing)
 .debug_str     0x00000000000814c3       0x36 ./Core/Src/gpio.o
                                      0x7c6d5 (size before relaxing)
 .debug_str     0x00000000000814f9      0xa61 ./Core/Src/indcpa.o
                                      0x7de23 (size before relaxing)
 .debug_str     0x0000000000081f5a      0x22e ./Core/Src/kem.o
                                       0x4fde (size before relaxing)
 .debug_str     0x0000000000082188     0x811e ./Core/Src/main.o
                                      0x89b8c (size before relaxing)
 .debug_str     0x000000000008a2a6      0x175 ./Core/Src/ntt.o
                                       0x4082 (size before relaxing)
 .debug_str     0x000000000008a41b       0xe0 ./Core/Src/poly.o
                                       0x4f74 (size before relaxing)
 .debug_str     0x000000000008a4fb       0x16 ./Core/Src/polyvec.o
                                       0x4608 (size before relaxing)
 .debug_str     0x000000000008a511       0x9f ./Core/Src/randombytes.o
                                       0x6e49 (size before relaxing)
 .debug_str     0x000000000008a5b0       0x15 ./Core/Src/reduce.o
                                       0x3f7e (size before relaxing)
 .debug_str     0x000000000008a5c5      0x2f0 ./Core/Src/stm32f1xx_hal_msp.o
                                      0x7c964 (size before relaxing)
 .debug_str     0x000000000008a8b5       0xfe ./Core/Src/stm32f1xx_it.o
                                      0x7ca94 (size before relaxing)
 .debug_str     0x000000000008a9b3       0x34 ./Core/Src/symmetric-shake.o
                                       0x76d5 (size before relaxing)
 .debug_str     0x000000000008a9e7      0x4da ./Core/Src/sysmem.o
                                       0x5d5d (size before relaxing)
 .debug_str     0x000000000008aec1       0x7e ./Core/Src/system_stm32f1xx.o
                                      0x7c688 (size before relaxing)
 .debug_str     0x000000000008af3f       0x75 ./Core/Src/usart.o
                                      0x7ce10 (size before relaxing)
 .debug_str     0x000000000008afb4       0x36 ./Core/Startup/startup_stm32f103c8tx.o
                                         0x62 (size before relaxing)
 .debug_str     0x000000000008afea      0x382 ./Drivers/STM32F1xx_HAL_Driver/Src/stm32f1xx_hal.o
                                      0x7cdbb (size before relaxing)
 .debug_str     0x000000000008b36c      0x28a ./Drivers/STM32F1xx_HAL_Driver/Src/stm32f1xx_hal_cortex.o
                                      0x7cd07 (size before relaxing)
 .debug_str     0x000000000008b5f6      0x235 ./Drivers/STM32F1xx_HAL_Driver/Src/stm32f1xx_hal_dma.o
                                      0x7ca31 (size before relaxing)
 .debug_str     0x000000000008b82b      0x2e1 ./Drivers/STM32F1xx_HAL_Driver/Src/stm32f1xx_hal_gpio.o
                                      0x7ca0e (size before relaxing)
 .debug_str     0x000000000008bb0c      0x229 ./Drivers/STM32F1xx_HAL_Driver/Src/stm32f1xx_hal_rcc.o
                                      0x7cab7 (size before relaxing)
 .debug_str     0x000000000008bd35      0x5cb ./Drivers/STM32F1xx_HAL_Driver/Src/stm32f1xx_hal_uart.o
                                      0x7d0c2 (size before relaxing)

.comment        0x0000000000000000       0x50
 .comment       0x0000000000000000       0x50 ./Core/Src/XMF_OLED_STM32Cube.o
                                         0x51 (size before relaxing)
 .comment       0x0000000000000050       0x51 ./Core/Src/cbd.o
 .comment       0x0000000000000050       0x51 ./Core/Src/fips202.o
 .comment       0x0000000000000050       0x51 ./Core/Src/gpio.o
 .comment       0x0000000000000050       0x51 ./Core/Src/indcpa.o
 .comment       0x0000000000000050       0x51 ./Core/Src/kem.o
 .comment       0x0000000000000050       0x51 ./Core/Src/main.o
 .comment       0x0000000000000050       0x51 ./Core/Src/ntt.o
 .comment       0x0000000000000050       0x51 ./Core/Src/poly.o
 .comment       0x0000000000000050       0x51 ./Core/Src/polyvec.o
 .comment       0x0000000000000050       0x51 ./Core/Src/randombytes.o
 .comment       0x0000000000000050       0x51 ./Core/Src/reduce.o
 .comment       0x0000000000000050       0x51 ./Core/Src/stm32f1xx_hal_msp.o
 .comment       0x0000000000000050       0x51 ./Core/Src/stm32f1xx_it.o
 .comment       0x0000000000000050       0x51 ./Core/Src/symmetric-shake.o
 .comment       0x0000000000000050       0x51 ./Core/Src/sysmem.o
 .comment       0x0000000000000050       0x51 ./Core/Src/system_stm32f1xx.o
 .comment       0x0000000000000050       0x51 ./Core/Src/usart.o
 .comment       0x0000000000000050       0x51 ./Drivers/STM32F1xx_HAL_Driver/Src/stm32f1xx_hal.o
 .comment       0x0000000000000050       0x51 ./Drivers/STM32F1xx_HAL_Driver/Src/stm32f1xx_hal_cortex.o
 .comment       0x0000000000000050       0x51 ./Drivers/STM32F1xx_HAL_Driver/Src/stm32f1xx_hal_dma.o
 .comment       0x0000000000000050       0x51 ./Drivers/STM32F1xx_HAL_Driver/Src/stm32f1xx_hal_gpio.o
 .comment       0x0000000000000050       0x51 ./Drivers/STM32F1xx_HAL_Driver/Src/stm32f1xx_hal_rcc.o
 .comment       0x0000000000000050       0x51 ./Drivers/STM32F1xx_HAL_Driver/Src/stm32f1xx_hal_uart.o

.debug_frame    0x0000000000000000     0x2350
 .debug_frame   0x0000000000000000      0x158 ./Core/Src/XMF_OLED_STM32Cube.o
 .debug_frame   0x0000000000000158       0xb0 ./Core/Src/cbd.o
 .debug_frame   0x0000000000000208      0x340 ./Core/Src/fips202.o
 .debug_frame   0x0000000000000548       0x2c ./Core/Src/gpio.o
 .debug_frame   0x0000000000000574      0x15c ./Core/Src/indcpa.o
 .debug_frame   0x00000000000006d0       0x68 ./Core/Src/kem.o
 .debug_frame   0x0000000000000738      0x1dc ./Core/Src/main.o
 .debug_frame   0x0000000000000914       0x88 ./Core/Src/ntt.o
 .debug_frame   0x000000000000099c      0x198 ./Core/Src/poly.o
 .debug_frame   0x0000000000000b34      0x108 ./Core/Src/polyvec.o
 .debug_frame   0x0000000000000c3c       0x44 ./Core/Src/randombytes.o
 .debug_frame   0x0000000000000c80       0x40 ./Core/Src/reduce.o
 .debug_frame   0x0000000000000cc0       0x2c ./Core/Src/stm32f1xx_hal_msp.o
 .debug_frame   0x0000000000000cec       0xd0 ./Core/Src/stm32f1xx_it.o
 .debug_frame   0x0000000000000dbc       0x48 ./Core/Src/symmetric-shake.o
 .debug_frame   0x0000000000000e04       0x2c ./Core/Src/sysmem.o
 .debug_frame   0x0000000000000e30       0x38 ./Core/Src/system_stm32f1xx.o
 .debug_frame   0x0000000000000e68       0x60 ./Core/Src/usart.o
 .debug_frame   0x0000000000000ec8      0x1d4 ./Drivers/STM32F1xx_HAL_Driver/Src/stm32f1xx_hal.o
 .debug_frame   0x000000000000109c      0x2dc ./Drivers/STM32F1xx_HAL_Driver/Src/stm32f1xx_hal_cortex.o
 .debug_frame   0x0000000000001378      0x160 ./Drivers/STM32F1xx_HAL_Driver/Src/stm32f1xx_hal_dma.o
 .debug_frame   0x00000000000014d8       0xd4 ./Drivers/STM32F1xx_HAL_Driver/Src/stm32f1xx_hal_gpio.o
 .debug_frame   0x00000000000015ac      0x174 ./Drivers/STM32F1xx_HAL_Driver/Src/stm32f1xx_hal_rcc.o
 .debug_frame   0x0000000000001720      0x65c ./Drivers/STM32F1xx_HAL_Driver/Src/stm32f1xx_hal_uart.o
 .debug_frame   0x0000000000001d7c       0x20 c:/st/stm32cubeide_1.10.1/stm32cubeide/plugins/com.st.stm32cube.ide.mcu.externaltools.gnu-tools-for-stm32.10.3-2021.10.win32_1.0.0.202111181127/tools/bin/../lib/gcc/arm-none-eabi/10.3.1/../../../../arm-none-eabi/lib/thumb/v7-m/nofp\libc_nano.a(lib_a-errno.o)
 .debug_frame   0x0000000000001d9c      0x14c c:/st/stm32cubeide_1.10.1/stm32cubeide/plugins/com.st.stm32cube.ide.mcu.externaltools.gnu-tools-for-stm32.10.3-2021.10.win32_1.0.0.202111181127/tools/bin/../lib/gcc/arm-none-eabi/10.3.1/../../../../arm-none-eabi/lib/thumb/v7-m/nofp\libc_nano.a(lib_a-findfp.o)
 .debug_frame   0x0000000000001ee8       0x2c c:/st/stm32cubeide_1.10.1/stm32cubeide/plugins/com.st.stm32cube.ide.mcu.externaltools.gnu-tools-for-stm32.10.3-2021.10.win32_1.0.0.202111181127/tools/bin/../lib/gcc/arm-none-eabi/10.3.1/../../../../arm-none-eabi/lib/thumb/v7-m/nofp\libc_nano.a(lib_a-init.o)
 .debug_frame   0x0000000000001f14       0xb0 c:/st/stm32cubeide_1.10.1/stm32cubeide/plugins/com.st.stm32cube.ide.mcu.externaltools.gnu-tools-for-stm32.10.3-2021.10.win32_1.0.0.202111181127/tools/bin/../lib/gcc/arm-none-eabi/10.3.1/../../../../arm-none-eabi/lib/thumb/v7-m/nofp\libc_nano.a(lib_a-lock.o)
 .debug_frame   0x0000000000001fc4       0x28 c:/st/stm32cubeide_1.10.1/stm32cubeide/plugins/com.st.stm32cube.ide.mcu.externaltools.gnu-tools-for-stm32.10.3-2021.10.win32_1.0.0.202111181127/tools/bin/../lib/gcc/arm-none-eabi/10.3.1/../../../../arm-none-eabi/lib/thumb/v7-m/nofp\libc_nano.a(lib_a-memchr-stub.o)
 .debug_frame   0x0000000000001fec       0x28 c:/st/stm32cubeide_1.10.1/stm32cubeide/plugins/com.st.stm32cube.ide.mcu.externaltools.gnu-tools-for-stm32.10.3-2021.10.win32_1.0.0.202111181127/tools/bin/../lib/gcc/arm-none-eabi/10.3.1/../../../../arm-none-eabi/lib/thumb/v7-m/nofp\libc_nano.a(lib_a-memcpy-stub.o)
 .debug_frame   0x0000000000002014       0x20 c:/st/stm32cubeide_1.10.1/stm32cubeide/plugins/com.st.stm32cube.ide.mcu.externaltools.gnu-tools-for-stm32.10.3-2021.10.win32_1.0.0.202111181127/tools/bin/../lib/gcc/arm-none-eabi/10.3.1/../../../../arm-none-eabi/lib/thumb/v7-m/nofp\libc_nano.a(lib_a-memset.o)
 .debug_frame   0x0000000000002034       0x38 c:/st/stm32cubeide_1.10.1/stm32cubeide/plugins/com.st.stm32cube.ide.mcu.externaltools.gnu-tools-for-stm32.10.3-2021.10.win32_1.0.0.202111181127/tools/bin/../lib/gcc/arm-none-eabi/10.3.1/../../../../arm-none-eabi/lib/thumb/v7-m/nofp\libc_nano.a(lib_a-nano-freer.o)
 .debug_frame   0x000000000000206c       0x4c c:/st/stm32cubeide_1.10.1/stm32cubeide/plugins/com.st.stm32cube.ide.mcu.externaltools.gnu-tools-for-stm32.10.3-2021.10.win32_1.0.0.202111181127/tools/bin/../lib/gcc/arm-none-eabi/10.3.1/../../../../arm-none-eabi/lib/thumb/v7-m/nofp\libc_nano.a(lib_a-nano-mallocr.o)
 .debug_frame   0x00000000000020b8       0x5c c:/st/stm32cubeide_1.10.1/stm32cubeide/plugins/com.st.stm32cube.ide.mcu.externaltools.gnu-tools-for-stm32.10.3-2021.10.win32_1.0.0.202111181127/tools/bin/../lib/gcc/arm-none-eabi/10.3.1/../../../../arm-none-eabi/lib/thumb/v7-m/nofp\libc_nano.a(lib_a-reent.o)
 .debug_frame   0x0000000000002114       0x2c c:/st/stm32cubeide_1.10.1/stm32cubeide/plugins/com.st.stm32cube.ide.mcu.externaltools.gnu-tools-for-stm32.10.3-2021.10.win32_1.0.0.202111181127/tools/bin/../lib/gcc/arm-none-eabi/10.3.1/../../../../arm-none-eabi/lib/thumb/v7-m/nofp\libc_nano.a(lib_a-sbrkr.o)
 .debug_frame   0x0000000000002140       0x6c c:/st/stm32cubeide_1.10.1/stm32cubeide/plugins/com.st.stm32cube.ide.mcu.externaltools.gnu-tools-for-stm32.10.3-2021.10.win32_1.0.0.202111181127/tools/bin/../lib/gcc/arm-none-eabi/10.3.1/../../../../arm-none-eabi/lib/thumb/v7-m/nofp\libc_nano.a(lib_a-sprintf.o)
 .debug_frame   0x00000000000021ac       0x30 c:/st/stm32cubeide_1.10.1/stm32cubeide/plugins/com.st.stm32cube.ide.mcu.externaltools.gnu-tools-for-stm32.10.3-2021.10.win32_1.0.0.202111181127/tools/bin/../lib/gcc/arm-none-eabi/10.3.1/../../../../arm-none-eabi/lib/thumb/v7-m/nofp\libc_nano.a(lib_a-mlock.o)
 .debug_frame   0x00000000000021dc       0x90 c:/st/stm32cubeide_1.10.1/stm32cubeide/plugins/com.st.stm32cube.ide.mcu.externaltools.gnu-tools-for-stm32.10.3-2021.10.win32_1.0.0.202111181127/tools/bin/../lib/gcc/arm-none-eabi/10.3.1/../../../../arm-none-eabi/lib/thumb/v7-m/nofp\libc_nano.a(lib_a-nano-svfprintf.o)